Component: Arm Compiler for Embedded 6.19 Tool: armlink [5e73cb00]

==============================================================================

Section Cross References

    motor.o(.text.DJI_Motor_Info_Update) refers to motor.o(.text.DJI_Motor_Encoder_To_Angle) for DJI_Motor_Encoder_To_Angle
    motor.o(.ARM.exidx.text.DJI_Motor_Info_Update) refers to motor.o(.text.DJI_Motor_Info_Update) for [Anonymous Symbol]
    motor.o(.text.DJI_Motor_Encoder_To_Angle) refers to motor.o(.text.F_Loop_Constrain) for F_Loop_Constrain
    motor.o(.ARM.exidx.text.DJI_Motor_Encoder_To_Angle) refers to motor.o(.text.DJI_Motor_Encoder_To_Angle) for [Anonymous Symbol]
    motor.o(.ARM.exidx.text.F_Loop_Constrain) refers to motor.o(.text.F_Loop_Constrain) for [Anonymous Symbol]
    motor.o(.text.DM_Motor_Command) refers to bsp_can.o(.text.USER_FDCAN_AddMessageToTxFifoQ) for USER_FDCAN_AddMessageToTxFifoQ
    motor.o(.ARM.exidx.text.DM_Motor_Command) refers to motor.o(.text.DM_Motor_Command) for [Anonymous Symbol]
    motor.o(.text.DM_Motor_CAN_TxMessage) refers to motor.o(.text.float_to_uint) for float_to_uint
    motor.o(.text.DM_Motor_CAN_TxMessage) refers to bsp_can.o(.text.USER_FDCAN_AddMessageToTxFifoQ) for USER_FDCAN_AddMessageToTxFifoQ
    motor.o(.ARM.exidx.text.DM_Motor_CAN_TxMessage) refers to motor.o(.text.DM_Motor_CAN_TxMessage) for [Anonymous Symbol]
    motor.o(.ARM.exidx.text.float_to_uint) refers to motor.o(.text.float_to_uint) for [Anonymous Symbol]
    motor.o(.text.DM_Motor_Info_Update) refers to motor.o(.text.uint_to_float) for uint_to_float
    motor.o(.ARM.exidx.text.DM_Motor_Info_Update) refers to motor.o(.text.DM_Motor_Info_Update) for [Anonymous Symbol]
    motor.o(.ARM.exidx.text.uint_to_float) refers to motor.o(.text.uint_to_float) for [Anonymous Symbol]
    remote_control.o(.ARM.exidx.text.SBUS_TO_RC) refers to remote_control.o(.text.SBUS_TO_RC) for [Anonymous Symbol]
    remote_control.o(.ARM.exidx.text.Remote_Message_Moniter) refers to remote_control.o(.text.Remote_Message_Moniter) for [Anonymous Symbol]
    referee_system.o(.text.Referee_System_Frame_Update) refers to referee_system.o(.bss.Referee_System_Info) for Referee_System_Info
    referee_system.o(.text.Referee_System_Frame_Update) refers to crc.o(.text.Verify_CRC8_Check_Sum) for Verify_CRC8_Check_Sum
    referee_system.o(.text.Referee_System_Frame_Update) refers to crc.o(.text.Verify_CRC16_Check_Sum) for Verify_CRC16_Check_Sum
    referee_system.o(.text.Referee_System_Frame_Update) refers to referee_system.o(.text.Referee_System_Info_Update) for Referee_System_Info_Update
    referee_system.o(.ARM.exidx.text.Referee_System_Frame_Update) refers to referee_system.o(.text.Referee_System_Frame_Update) for [Anonymous Symbol]
    referee_system.o(.text.Referee_System_Info_Update) refers to referee_system.o(.text.bit8TObit16) for bit8TObit16
    referee_system.o(.text.Referee_System_Info_Update) refers to referee_system.o(.text.bit8TObit64) for bit8TObit64
    referee_system.o(.text.Referee_System_Info_Update) refers to referee_system.o(.text.bit8TObit32) for bit8TObit32
    referee_system.o(.text.Referee_System_Info_Update) refers to referee_system.o(.text.bit8TOfloat32) for bit8TOfloat32
    referee_system.o(.ARM.exidx.text.Referee_System_Info_Update) refers to referee_system.o(.text.Referee_System_Info_Update) for [Anonymous Symbol]
    referee_system.o(.ARM.exidx.text.bit8TObit16) refers to referee_system.o(.text.bit8TObit16) for [Anonymous Symbol]
    referee_system.o(.ARM.exidx.text.bit8TObit64) refers to referee_system.o(.text.bit8TObit64) for [Anonymous Symbol]
    referee_system.o(.ARM.exidx.text.bit8TObit32) refers to referee_system.o(.text.bit8TObit32) for [Anonymous Symbol]
    referee_system.o(.ARM.exidx.text.bit8TOfloat32) refers to referee_system.o(.text.bit8TOfloat32) for [Anonymous Symbol]
    minipc.o(.text.MiniPC_Transmit_Info) refers to usbd_cdc_if.o(.text.CDC_Transmit_HS) for CDC_Transmit_HS
    minipc.o(.ARM.exidx.text.MiniPC_Transmit_Info) refers to minipc.o(.text.MiniPC_Transmit_Info) for [Anonymous Symbol]
    minipc.o(.ARM.exidx.text.MiniPC_Recvive_Info) refers to minipc.o(.text.MiniPC_Recvive_Info) for [Anonymous Symbol]
    bmi088.o(.text.BMI088_Init) refers to bmi088.o(.text.BMI088_Accel_Init) for BMI088_Accel_Init
    bmi088.o(.text.BMI088_Init) refers to bmi088.o(.text.BMI088_Gyro_Init) for BMI088_Gyro_Init
    bmi088.o(.text.BMI088_Init) refers to bsp_tick.o(.text.Delay_ms) for Delay_ms
    bmi088.o(.text.BMI088_Init) refers to bmi088.o(.bss.BMI088_Info) for BMI088_Info
    bmi088.o(.text.BMI088_Init) refers to bmi088.o(.text.BMI088_Offset_Update) for BMI088_Offset_Update
    bmi088.o(.ARM.exidx.text.BMI088_Init) refers to bmi088.o(.text.BMI088_Init) for [Anonymous Symbol]
    bmi088.o(.text.BMI088_Accel_Init) refers to bsp_gpio.o(.text.BMI088_ACCEL_NS_L) for BMI088_ACCEL_NS_L
    bmi088.o(.text.BMI088_Accel_Init) refers to bsp_spi.o(.text.BMI088_Read_Write_Byte) for BMI088_Read_Write_Byte
[...]
    DM_8009_Motor                            0x20000098   Data         224  motor.o(.data.DM_8009_Motor)
    HS_Desc                                  0x2000018c   Data          32  usbd_desc.o(.data.HS_Desc)
    SystemCoreClock                          0x200001ac   Data           4  system_stm32h7xx.o(.data.SystemCoreClock)
    SystemD2Clock                            0x200001b0   Data           4  system_stm32h7xx.o(.data.SystemD2Clock)
    USBD_CDC                                 0x200001b4   Data          56  usbd_cdc.o(.data.USBD_CDC)
    USBD_HS_DeviceDesc                       0x2000023c   Data          18  usbd_desc.o(.data.USBD_HS_DeviceDesc)
    USBD_Interface_fops_HS                   0x20000250   Data          20  usbd_cdc_if.o(.data.USBD_Interface_fops_HS)
    USBD_LangIDDesc                          0x20000264   Data           4  usbd_desc.o(.data.USBD_LangIDDesc)
    USBD_StringSerial                        0x20000268   Data          26  usbd_desc.o(.data.USBD_StringSerial)
    remote_ctrl                              0x20000282   Data          24  remote_control.o(.data.remote_ctrl)
    uwTickFreq                               0x2000029a   Data           1  stm32h7xx_hal.o(.data.uwTickFreq)
    uwTickPrio                               0x2000029c   Data           4  stm32h7xx_hal.o(.data.uwTickPrio)
    __libspace_start                         0x200002a0   Data          96  libspace.o(.bss)
    BMI088_Info                              0x20000300   Data          60  bmi088.o(.bss.BMI088_Info)
    __temporary_stack_top$libspace           0x20000300   Data           0  libspace.o(.bss)
    FDCAN_RxFIFO0Frame                       0x2000033c   Data          52  bsp_can.o(.bss.FDCAN_RxFIFO0Frame)
    FDCAN_RxFIFO1Frame                       0x20000370   Data          52  bsp_can.o(.bss.FDCAN_RxFIFO1Frame)
    Referee_System_Info                      0x200003a8   Data         156  referee_system.o(.bss.Referee_System_Info)
    Referee_System_Info_MultiRx_Buf          0x20000444   Data         272  referee_system.o(.bss.Referee_System_Info_MultiRx_Buf)
    USBD_StrDesc                             0x20000558   Data         512  usbd_desc.o(.bss.USBD_StrDesc)
    UserRxBufferHS                           0x20000978   Data        2048  usbd_cdc_if.o(.bss.UserRxBufferHS)
    UserTxBufferHS                           0x20001178   Data        2048  usbd_cdc_if.o(.bss.UserTxBufferHS)
    hUsbDeviceHS                             0x20001978   Data         732  usb_device.o(.bss.hUsbDeviceHS)
    hadc1                                    0x20001c54   Data         112  adc.o(.bss.hadc1)
    hadc3                                    0x20001cc4   Data         112  adc.o(.bss.hadc3)
    hdma_adc1                                0x20001d34   Data         120  adc.o(.bss.hdma_adc1)
    hdma_adc3                                0x20001dac   Data         120  adc.o(.bss.hdma_adc3)
    hdma_memtomem_dma1_stream0               0x20001e24   Data         120  dma.o(.bss.hdma_memtomem_dma1_stream0)
    hdma_spi2_rx                             0x20001e9c   Data         120  spi.o(.bss.hdma_spi2_rx)
    hdma_spi2_tx                             0x20001f14   Data         120  spi.o(.bss.hdma_spi2_tx)
    hdma_uart5_rx                            0x20001f8c   Data         120  usart.o(.bss.hdma_uart5_rx)
    hdma_uart7_rx                            0x20002004   Data         120  usart.o(.bss.hdma_uart7_rx)
    hdma_uart7_tx                            0x2000207c   Data         120  usart.o(.bss.hdma_uart7_tx)
    hdma_usart10_rx                          0x200020f4   Data         120  usart.o(.bss.hdma_usart10_rx)
    hdma_usart10_tx                          0x2000216c   Data         120  usart.o(.bss.hdma_usart10_tx)
    hdma_usart1_rx                           0x200021e4   Data         120  usart.o(.bss.hdma_usart1_rx)
    hdma_usart1_tx                           0x2000225c   Data         120  usart.o(.bss.hdma_usart1_tx)
    hdma_usart2_rx                           0x200022d4   Data         120  usart.o(.bss.hdma_usart2_rx)
    hdma_usart2_tx                           0x2000234c   Data         120  usart.o(.bss.hdma_usart2_tx)
    hdma_usart3_rx                           0x200023c4   Data         120  usart.o(.bss.hdma_usart3_rx)
    hdma_usart3_tx                           0x2000243c   Data         120  usart.o(.bss.hdma_usart3_tx)
    hfdcan1                                  0x200024b4   Data         160  fdcan.o(.bss.hfdcan1)
    hfdcan2                                  0x20002554   Data         160  fdcan.o(.bss.hfdcan2)
    hfdcan3                                  0x200025f4   Data         160  fdcan.o(.bss.hfdcan3)
    hpcd_USB_OTG_HS                          0x20002694   Data        1252  usbd_conf.o(.bss.hpcd_USB_OTG_HS)
    hspi2                                    0x20002b78   Data         136  spi.o(.bss.hspi2)
    htim2                                    0x20002c00   Data          76  stm32h7xx_hal_timebase_tim_1.o(.bss.htim2)
    htim3                                    0x20002c4c   Data          76  tim.o(.bss.htim3)
    huart1                                   0x20002c98   Data         148  usart.o(.bss.huart1)
    huart10                                  0x20002d2c   Data         148  usart.o(.bss.huart10)
    huart2                                   0x20002dc0   Data         148  usart.o(.bss.huart2)
    huart3                                   0x20002e54   Data         148  usart.o(.bss.huart3)
    huart5                                   0x20002ee8   Data         148  usart.o(.bss.huart5)
    huart7                                   0x20002f7c   Data         148  usart.o(.bss.huart7)
    uwTick                                   0x20003010   Data           4  stm32h7xx_hal.o(.bss.uwTick)
    SBUS_MultiRx_Buf                         0x24000000   Data          36  remote_control.o(.AXI_SRAM)
    ADC_Voltage_Val                          0x24000024   Data           4  bsp_adc.o(.AXI_SRAM)



==============================================================================

Memory Map of the image

  Image Entry point : 0x080002cd

  Load Region LR_IROM1 (Base: 0x08000000, Size: 0x00019908, Max: 0x00100000, ABSOLUTE, COMPRESSED[0x00019788])

    Execution Region ER_IROM1 (Exec base: 0x08000000, Load base: 0x08000000, Size: 0x0001963c, Max: 0x00100000, ABSOLUTE)

    Exec Addr    Load Addr    Size         Type   Attr      Idx    E Section Name        Object

    0x08000000   0x08000000   0x000002cc   Data   RO          364    RESET               startup_stm32h723xx.o
    0x080002cc   0x080002cc   0x00000008   Code   RO         3334  * !!!main             c_w.l(__main.o)
    0x080002d4   0x080002d4   0x00000034   Code   RO         3607    !!!scatter          c_w.l(__scatter.o)
    0x08000308   0x08000308   0x0000005a   Code   RO         3605    !!dczerorl2         c_w.l(__dczerorl2.o)
    0x08000362   0x08000362   0x00000002   PAD
    0x08000364   0x08000364   0x0000001a   Code   RO         3609    !!handler_copy      c_w.l(__scatter_copy.o)
    0x0800037e   0x0800037e   0x00000002   PAD
    0x08000380   0x08000380   0x0000001c   Code   RO         3611    !!handler_zi        c_w.l(__scatter_zi.o)
    0x0800039c   0x0800039c   0x00000002   Code   RO         3540    .ARM.Collect$$libinit$$00000000  c_w.l(libinit.o)
    0x0800039e   0x0800039e   0x00000004   Code   RO         3394    .ARM.Collect$$libinit$$00000001  c_w.l(libinit2.o)
    0x080003a2   0x080003a2   0x00000000   Code   RO         3397    .ARM.Collect$$libinit$$00000004  c_w.l(libinit2.o)
    0x080003a2   0x080003a2   0x00000000   Code   RO         3399    .ARM.Collect$$libinit$$00000006  c_w.l(libinit2.o)
    0x080003a2   0x080003a2   0x00000000   Code   RO         3402    .ARM.Collect$$libinit$$0000000C  c_w.l(libinit2.o)
    0x080003a2   0x080003a2   0x00000000   Code   RO         3404    .ARM.Collect$$libinit$$0000000E  c_w.l(libinit2.o)
    0x080003a2   0x080003a2   0x00000000   Code   RO         3406    .ARM.Collect$$libinit$$00000010  c_w.l(libinit2.o)
    0x080003a2   0x080003a2   0x00000000   Code   RO         3409    .ARM.Collect$$libinit$$00000013  c_w.l(libinit2.o)
    0x080003a2   0x080003a2   0x00000000   Code   RO         3411    .ARM.Collect$$libinit$$00000015  c_w.l(libinit2.o)
    0x080003a2   0x080003a2   0x00000000   Code   RO         3413    .ARM.Collect$$libinit$$00000017  c_w.l(libinit2.o)
    0x080003a2   0x080003a2   0x00000000   Code   RO         3415    .ARM.Collect$$libinit$$00000019  c_w.l(libinit2.o)
    0x080003a2   0x080003a2   0x00000000   Code   RO         3417    .ARM.Collect$$libinit$$0000001B  c_w.l(libinit2.o)
    0x080003a2   0x080003a2   0x00000000   Code   RO         3419    .ARM.Collect$$libinit$$0000001D  c_w.l(libinit2.o)
    0x080003a2   0x080003a2   0x00000000   Code   RO         3421    .ARM.Collect$$libinit$$0000001F  c_w.l(libinit2.o)
    0x080003a2   0x080003a2   0x00000000   Code   RO         3423    .ARM.Collect$$libinit$$00000021  c_w.l(libinit2.o)
    0x080003a2   0x080003a2   0x00000000   Code   RO         3425    .ARM.Collect$$libinit$$00000023  c_w.l(libinit2.o)
    0x080003a2   0x080003a2   0x00000000   Code   RO         3427    .ARM.Collect$$libinit$$00000025  c_w.l(libinit2.o)
    0x080003a2   0x080003a2   0x00000000   Code   RO         3429    .ARM.Collect$$libinit$$00000027  c_w.l(libinit2.o)
    0x080003a2   0x080003a2   0x00000000   Code   RO         3433    .ARM.Collect$$libinit$$0000002E  c_w.l(libinit2.o)
    0x080003a2   0x080003a2   0x00000000   Code   RO         3435    .ARM.Collect$$libinit$$00000030  c_w.l(libinit2.o)
    0x080003a2   0x080003a2   0x00000000   Code   RO         3437    .ARM.Collect$$libinit$$00000032  c_w.l(libinit2.o)
    0x080003a2   0x080003a2   0x00000000   Code   RO         3439    .ARM.Collect$$libinit$$00000034  c_w.l(libinit2.o)
    0x080003a2   0x080003a2   0x00000002   Code   RO         3440    .ARM.Collect$$libinit$$00000035  c_w.l(libinit2.o)
    0x080003a4   0x080003a4   0x00000002   Code   RO         3602    .ARM.Collect$$libshutdown$$00000000  c_w.l(libshutdown.o)
    0x080003a6   0x080003a6   0x00000000   Code   RO         3558    .ARM.Collect$$libshutdown$$00000002  c_w.l(libshutdown2.o)
    0x080003a6   0x080003a6   0x00000000   Code   RO         3560    .ARM.Collect$$libshutdown$$00000004  c_w.l(libshutdown2.o)
    0x080003a6   0x080003a6   0x00000000   Code   RO         3563    .ARM.Collect$$libshutdown$$00000007  c_w.l(libshutdown2.o)
    0x080003a6   0x080003a6   0x00000000   Code   RO         3566    .ARM.Collect$$libshutdown$$0000000A  c_w.l(libshutdown2.o)
    0x080003a6   0x080003a6   0x00000000   Code   RO         3568    .ARM.Collect$$libshutdown$$0000000C  c_w.l(libshutdown2.o)
    0x080003a6   0x080003a6   0x00000000   Code   RO         3571    .ARM.Collect$$libshutdown$$0000000F  c_w.l(libshutdown2.o)
    0x080003a6   0x080003a6   0x00000002   Code   RO         3572    .ARM.Collect$$libshutdown$$00000010  c_w.l(libshutdown2.o)
    0x080003a8   0x080003a8   0x00000000   Code   RO         3356    .ARM.Collect$$rtentry$$00000000  c_w.l(__rtentry.o)
    0x080003a8   0x080003a8   0x00000000   Code   RO         3472    .ARM.Collect$$rtentry$$00000002  c_w.l(__rtentry2.o)
    0x080003a8   0x080003a8   0x00000006   Code   RO         3484    .ARM.Collect$$rtentry$$00000004  c_w.l(__rtentry4.o)
    0x080003ae   0x080003ae   0x00000000   Code   RO         3474    .ARM.Collect$$rtentry$$00000009  c_w.l(__rtentry2.o)
    0x080003ae   0x080003ae   0x00000004   Code   RO         3475    .ARM.Collect$$rtentry$$0000000A  c_w.l(__rtentry2.o)
    0x080003b2   0x080003b2   0x00000000   Code   RO         3477    .ARM.Collect$$rtentry$$0000000C  c_w.l(__rtentry2.o)
    0x080003b2   0x080003b2   0x00000008   Code   RO         3478    .ARM.Collect$$rtentry$$0000000D  c_w.l(__rtentry2.o)
    0x080003ba   0x080003ba   0x00000002   Code   RO         3545    .ARM.Collect$$rtexit$$00000000  c_w.l(rtexit.o)
    0x080003bc   0x080003bc   0x00000000   Code   RO         3578    .ARM.Collect$$rtexit$$00000002  c_w.l(rtexit2.o)
    0x080003bc   0x080003bc   0x00000004   Code   RO         3579    .ARM.Collect$$rtexit$$00000003  c_w.l(rtexit2.o)
    0x080003c0   0x080003c0   0x00000006   Code   RO         3580    .ARM.Collect$$rtexit$$00000004  c_w.l(rtexit2.o)
    0x080003c6   0x080003c6   0x00000002   PAD
    0x080003c8   0x080003c8   0x00000040   Code   RO          365    .text               startup_stm32h723xx.o
    0x08000408   0x08000408   0x000000f0   Code   RO         3324    .text               c_w.l(lludivv7m.o)
    0x080004f8   0x080004f8   0x00000064   Code   RO         3326    .text               c_w.l(rt_memcpy_w.o)
    0x0800055c   0x0800055c   0x00000044   Code   RO         3328    .text               c_w.l(rt_memclr.o)
    0x080005a0   0x080005a0   0x0000004e   Code   RO         3330    .text               c_w.l(rt_memclr_w.o)
    0x080005ee   0x080005ee   0x00000006   Code   RO         3332    .text               c_w.l(heapauxi.o)
    0x080005f4   0x080005f4   0x00000008   Code   RO         3468    .text               c_w.l(libspace.o)
    0x080005fc   0x080005fc   0x00000002   Code   RO         3512    .text               c_w.l(use_no_semi.o)
    0x080005fe   0x080005fe   0x00000000   Code   RO         3514    .text               c_w.l(indicate_semi.o)
    0x080005fe   0x080005fe   0x0000004a   Code   RO         3515    .text               c_w.l(sys_stackheap_outer.o)
    0x08000648   0x08000648   0x00000012   Code   RO         3521    .text               c_w.l(exit.o)
    0x0800065a   0x0800065a   0x00000002   PAD
    0x0800065c   0x0800065c   0x0000000c   Code   RO         3541    .text               c_w.l(sys_exit.o)
    0x08000668   0x08000668   0x000001da   Code   RO         1769    .text.ADC_ConfigureBoostMode  stm32h7xx_hal_adc.o
    0x08000842   0x08000842   0x00000006   PAD
    0x08000848   0x08000848   0x000000d2   Code   RO         1803    .text.ADC_DMAConvCplt  stm32h7xx_hal_adc.o
    0x0800091a   0x0800091a   0x00000006   PAD
    0x08000920   0x08000920   0x0000002a   Code   RO         1807    .text.ADC_DMAError  stm32h7xx_hal_adc.o
    0x0800094a   0x0800094a   0x00000006   PAD
    0x08000950   0x08000950   0x00000016   Code   RO         1805    .text.ADC_DMAHalfConvCplt  stm32h7xx_hal_adc.o
    0x08000966   0x08000966   0x00000002   PAD
    0x08000968   0x08000968   0x000000c4   Code   RO         1775    .text.ADC_Disable   stm32h7xx_hal_adc.o
    0x08000a2c   0x08000a2c   0x00000004   PAD
    0x08000a30   0x08000a30   0x00000148   Code   RO         1783    .text.ADC_Enable    stm32h7xx_hal_adc.o
    0x08000b78   0x08000b78   0x00000010   Code   RO          600    .text.BDMA_Channel0_IRQHandler  stm32h7xx_it.o
    0x08000b88   0x08000b88   0x00000014   Code   RO          164    .text.BMI088_ACCEL_NS_H  bsp_gpio.o
    0x08000b9c   0x08000b9c   0x00000004   PAD
    0x08000ba0   0x08000ba0   0x00000014   Code   RO          162    .text.BMI088_ACCEL_NS_L  bsp_gpio.o
    0x08000bb4   0x08000bb4   0x00000004   PAD
    0x08000bb8   0x08000bb8   0x0000018a   Code   RO           76    .text.BMI088_Accel_Init  bmi088.o
    0x08000d42   0x08000d42   0x00000006   PAD
    0x08000d48   0x08000d48   0x00000014   Code   RO          168    .text.BMI088_GYRO_NS_H  bsp_gpio.o
    0x08000d5c   0x08000d5c   0x00000004   PAD
    0x08000d60   0x08000d60   0x00000014   Code   RO          166    .text.BMI088_GYRO_NS_L  bsp_gpio.o
    0x08000d74   0x08000d74   0x00000004   PAD
    0x08000d78   0x08000d78   0x00000142   Code   RO           78    .text.BMI088_Gyro_Init  bmi088.o
    0x08000eba   0x08000eba   0x00000006   PAD
    0x08000ec0   0x08000ec0   0x0000004e   Code   RO           74    .text.BMI088_Init   bmi088.o
    0x08000f0e   0x08000f0e   0x00000002   PAD
    0x08000f10   0x08000f10   0x00000032   Code   RO           80    .text.BMI088_Offset_Update  bmi088.o
    0x08000f42   0x08000f42   0x00000006   PAD
    0x08000f48   0x08000f48   0x00000024   Code   RO           88    .text.BMI088_Read_Single_Reg  bmi088.o
    0x08000f6c   0x08000f6c   0x00000004   PAD
    0x08000f70   0x08000f70   0x00000032   Code   RO          190    .text.BMI088_Read_Write_Byte  bsp_spi.o
    0x08000fa2   0x08000fa2   0x00000006   PAD
    0x08000fa8   0x08000fa8   0x00000020   Code   RO           86    .text.BMI088_Write_Single_Reg  bmi088.o
    0x08000fc8   0x08000fc8   0x0000002c   Code   RO          148    .text.BSP_ADC_Init  bsp_adc.o
    0x08000ff4   0x08000ff4   0x00000004   PAD
    0x08000ff8   0x08000ff8   0x000000e2   Code   RO          102    .text.BSP_FDCAN_Init  bsp_can.o
    0x080010da   0x080010da   0x00000006   PAD
    0x080010e0   0x080010e0   0x00000002   Code   RO          160    .text.BSP_GPIO_Init  bsp_gpio.o
    0x080010e2   0x080010e2   0x00000006   PAD
    0x080010e8   0x080010e8   0x00000012   Code   RO          177    .text.BSP_PWM_Init  bsp_pwm.o
    0x080010fa   0x080010fa   0x00000006   PAD
    0x08001100   0x08001100   0x00000038   Code   RO          130    .text.BSP_USART_Init  bsp_uart.o
    0x08001138   0x08001138   0x00000004   Code   RO          536    .text.BusFault_Handler  stm32h7xx_it.o
    0x0800113c   0x0800113c   0x00000004   PAD
    0x08001140   0x08001140   0x0000005c   Code   RO         2962    .text.CDC_Control_HS  usbd_cdc_if.o
    0x0800119c   0x0800119c   0x00000004   PAD
    0x080011a0   0x080011a0   0x00000004   Code   RO         2960    .text.CDC_DeInit_HS  usbd_cdc_if.o
    0x080011a4   0x080011a4   0x00000004   PAD
    0x080011a8   0x080011a8   0x00000032   Code   RO         2958    .text.CDC_Init_HS   usbd_cdc_if.o
    0x080011da   0x080011da   0x00000006   PAD
    0x080011e0   0x080011e0   0x0000002c   Code   RO         2964    .text.CDC_Receive_HS  usbd_cdc_if.o
    0x0800120c   0x0800120c   0x00000004   PAD
    0x08001210   0x08001210   0x00000018   Code   RO         2966    .text.CDC_TransmitCplt_HS  usbd_cdc_if.o
    0x08001228   0x08001228   0x0000018c   Code   RO            4    .text.DJI_Motor_Encoder_To_Angle  motor.o
    0x080013b4   0x080013b4   0x00000004   PAD
    0x080013b8   0x080013b8   0x000000c0   Code   RO            2    .text.DJI_Motor_Info_Update  motor.o
    0x08001478   0x08001478   0x00000010   Code   RO          546    .text.DMA1_Stream0_IRQHandler  stm32h7xx_it.o
    0x08001488   0x08001488   0x00000010   Code   RO          548    .text.DMA1_Stream1_IRQHandler  stm32h7xx_it.o
    0x08001498   0x08001498   0x00000010   Code   RO          550    .text.DMA1_Stream2_IRQHandler  stm32h7xx_it.o
    0x080014a8   0x080014a8   0x00000010   Code   RO          552    .text.DMA1_Stream3_IRQHandler  stm32h7xx_it.o
    0x080014b8   0x080014b8   0x00000010   Code   RO          554    .text.DMA1_Stream4_IRQHandler  stm32h7xx_it.o
    0x080014c8   0x080014c8   0x00000010   Code   RO          556    .text.DMA1_Stream5_IRQHandler  stm32h7xx_it.o
    0x080014d8   0x080014d8   0x00000010   Code   RO          558    .text.DMA1_Stream6_IRQHandler  stm32h7xx_it.o
    0x080014e8   0x080014e8   0x00000010   Code   RO          578    .text.DMA1_Stream7_IRQHandler  stm32h7xx_it.o
    0x080014f8   0x080014f8   0x00000010   Code   RO          582    .text.DMA2_Stream0_IRQHandler  stm32h7xx_it.o
    0x08001508   0x08001508   0x00000010   Code   RO          584    .text.DMA2_Stream1_IRQHandler  stm32h7xx_it.o
    0x08001518   0x08001518   0x00000010   Code   RO          586    .text.DMA2_Stream2_IRQHandler  stm32h7xx_it.o
    0x08001528   0x08001528   0x00000010   Code   RO          588    .text.DMA2_Stream3_IRQHandler  stm32h7xx_it.o
    0x08001538   0x08001538   0x00000010   Code   RO          590    .text.DMA2_Stream4_IRQHandler  stm32h7xx_it.o
    0x08001548   0x08001548   0x00000010   Code   RO          592    .text.DMA2_Stream5_IRQHandler  stm32h7xx_it.o
    0x08001558   0x08001558   0x00000010   Code   RO          594    .text.DMA2_Stream6_IRQHandler  stm32h7xx_it.o
    0x08001568   0x08001568   0x000001ca   Code   RO         1105    .text.DMA_CalcBaseAndBitshift  stm32h7xx_hal_dma.o
    0x08001732   0x08001732   0x00000006   PAD
    0x08001738   0x08001738   0x00000178   Code   RO         1107    .text.DMA_CalcDMAMUXChannelBaseAndMask  stm32h7xx_hal_dma.o
    0x080018b0   0x080018b0   0x0000012a   Code   RO         1109    .text.DMA_CalcDMAMUXRequestGenBaseAndMask  stm32h7xx_hal_dma.o
    0x080019da   0x080019da   0x00000006   PAD
    0x080019e0   0x080019e0   0x000000f0   Code   RO         1103    .text.DMA_CheckFifoParam  stm32h7xx_hal_dma.o
    0x08001ad0   0x08001ad0   0x00000514   Code   RO         1115    .text.DMA_SetConfig  stm32h7xx_hal_dma.o
    0x08001fe4   0x08001fe4   0x00000004   PAD
    0x08001fe8   0x08001fe8   0x000000c8   Code   RO           14    .text.DM_Motor_Info_Update  motor.o
    0x080020b0   0x080020b0   0x00000002   Code   RO          542    .text.DebugMon_Handler  stm32h7xx_it.o
    0x080020b2   0x080020b2   0x00000006   PAD
    0x080020b8   0x080020b8   0x00000024   Code   RO          202    .text.Delay_ms      bsp_tick.o
    0x080020dc   0x080020dc   0x00000004   PAD
    0x080020e0   0x080020e0   0x00000024   Code   RO          198    .text.Delay_us      bsp_tick.o
    0x08002104   0x08002104   0x00000004   PAD
    0x08002108   0x08002108   0x0000000e   Code   RO          380    .text.Error_Handler  main.o
    0x08002116   0x08002116   0x00000002   PAD
    0x08002118   0x08002118   0x00000010   Code   RO          560    .text.FDCAN1_IT0_IRQHandler  stm32h7xx_it.o
    0x08002128   0x08002128   0x00000010   Code   RO          564    .text.FDCAN1_IT1_IRQHandler  stm32h7xx_it.o
    0x08002138   0x08002138   0x00000042   Code   RO          108    .text.FDCAN1_RxFifo0RxHandler  bsp_can.o
    0x0800217a   0x0800217a   0x00000006   PAD
    0x08002180   0x08002180   0x00000010   Code   RO          562    .text.FDCAN2_IT0_IRQHandler  stm32h7xx_it.o
    0x08002190   0x08002190   0x00000010   Code   RO          566    .text.FDCAN2_IT1_IRQHandler  stm32h7xx_it.o
    0x080021a0   0x080021a0   0x00000042   Code   RO          114    .text.FDCAN2_RxFifo1RxHandler  bsp_can.o
    0x080021e2   0x080021e2   0x00000006   PAD
    0x080021e8   0x080021e8   0x00000010   Code   RO          604    .text.FDCAN3_IT0_IRQHandler  stm32h7xx_it.o
    0x080021f8   0x080021f8   0x00000010   Code   RO          606    .text.FDCAN3_IT1_IRQHandler  stm32h7xx_it.o
    0x08002208   0x08002208   0x0000000a   Code   RO          110    .text.FDCAN3_RxFifo0RxHandler  bsp_can.o
    0x08002212   0x08002212   0x00000006   PAD
    0x08002218   0x08002218   0x000002c2   Code   RO         2031    .text.FDCAN_CalcultateRamBlockAddresses  stm32h7xx_hal_fdcan.o
    0x080024da   0x080024da   0x00000006   PAD
    0x080024e0   0x080024e0   0x000000c4   Code   RO            6    .text.F_Loop_Constrain  motor.o
    0x080025a4   0x080025a4   0x00000004   PAD
    0x080025a8   0x080025a8   0x00000066   Code   RO          346    .text.Get_CRC16_Check_Sum  crc.o
    0x0800260e   0x0800260e   0x00000002   PAD
    0x08002610   0x08002610   0x00000044   Code   RO          340    .text.Get_CRC8_Check_Sum  crc.o
    0x08002654   0x08002654   0x00000004   PAD
    0x08002658   0x08002658   0x0000005c   Code   RO         2938    .text.Get_SerialNum  usbd_desc.o
    0x080026b4   0x080026b4   0x00000004   PAD
    0x080026b8   0x080026b8   0x000000e4   Code   RO         1902    .text.HAL_ADCEx_Calibration_Start  stm32h7xx_hal_adc_ex.o
    0x0800279c   0x0800279c   0x00000004   PAD
    0x080027a0   0x080027a0   0x00000292   Code   RO         2004    .text.HAL_ADCEx_MultiModeConfigChannel  stm32h7xx_hal_adc_ex.o
    0x08002a32   0x08002a32   0x00000006   PAD
    0x08002a38   0x08002a38   0x00000ba0   Code   RO         1831    .text.HAL_ADC_ConfigChannel  stm32h7xx_hal_adc.o
    0x080035d8   0x080035d8   0x00000008   Code   RO         1821    .text.HAL_ADC_ConvCpltCallback  stm32h7xx_hal_adc.o
    0x080035e0   0x080035e0   0x00000008   Code   RO         1829    .text.HAL_ADC_ConvHalfCpltCallback  stm32h7xx_hal_adc.o
    0x080035e8   0x080035e8   0x00000008   Code   RO         1827    .text.HAL_ADC_ErrorCallback  stm32h7xx_hal_adc.o
    0x080035f0   0x080035f0   0x00000502   Code   RO         1749    .text.HAL_ADC_Init  stm32h7xx_hal_adc.o
    0x08003af2   0x08003af2   0x00000006   PAD
    0x08003af8   0x08003af8   0x000001b4   Code   RO          404    .text.HAL_ADC_MspInit  adc.o
    0x08003cac   0x08003cac   0x00000004   PAD
    0x08003cb0   0x08003cb0   0x0000020a   Code   RO         1801    .text.HAL_ADC_Start_DMA  stm32h7xx_hal_adc.o
    0x08003eba   0x08003eba   0x00000006   PAD
    0x08003ec0   0x08003ec0   0x00000978   Code   RO         1119    .text.HAL_DMA_Abort  stm32h7xx_hal_dma.o
    0x08004838   0x08004838   0x000006aa   Code   RO         1121    .text.HAL_DMA_Abort_IT  stm32h7xx_hal_dma.o
    0x08004ee2   0x08004ee2   0x00000006   PAD
    0x08004ee8   0x08004ee8   0x000011c0   Code   RO         1125    .text.HAL_DMA_IRQHandler  stm32h7xx_hal_dma.o
    0x080060a8   0x080060a8   0x00000960   Code   RO         1101    .text.HAL_DMA_Init  stm32h7xx_hal_dma.o
    0x08006a08   0x08006a08   0x00000702   Code   RO         1117    .text.HAL_DMA_Start_IT  stm32h7xx_hal_dma.o
    0x0800710a   0x0800710a   0x00000006   PAD
    0x08007110   0x08007110   0x00000042   Code   RO         1438    .text.HAL_Delay     stm32h7xx_hal.o
    0x08007152   0x08007152   0x00000006   PAD
    0x08007158   0x08007158   0x000000fe   Code   RO         2179    .text.HAL_FDCAN_ActivateNotification  stm32h7xx_hal_fdcan.o
    0x08007256   0x08007256   0x00000002   PAD
    0x08007258   0x08007258   0x0000000a   Code   RO         2193    .text.HAL_FDCAN_ClockCalibrationCallback  stm32h7xx_hal_fdcan.o
    0x08007262   0x08007262   0x00000006   PAD
    0x08007268   0x08007268   0x00000116   Code   RO         2051    .text.HAL_FDCAN_ConfigFilter  stm32h7xx_hal_fdcan.o
    0x0800737e   0x0800737e   0x00000002   PAD
    0x08007380   0x08007380   0x0000005c   Code   RO         2053    .text.HAL_FDCAN_ConfigGlobalFilter  stm32h7xx_hal_fdcan.o
    0x080073dc   0x080073dc   0x00000004   PAD
    0x080073e0   0x080073e0   0x00000048   Code   RO         2083    .text.HAL_FDCAN_ConfigTxDelayCompensation  stm32h7xx_hal_fdcan.o
    0x08007428   0x08007428   0x00000042   Code   RO         2085    .text.HAL_FDCAN_EnableTxDelayCompensation  stm32h7xx_hal_fdcan.o
    0x0800746a   0x0800746a   0x00000006   PAD
    0x08007470   0x08007470   0x00000008   Code   RO         2221    .text.HAL_FDCAN_ErrorCallback  stm32h7xx_hal_fdcan.o
    0x08007478   0x08007478   0x0000000a   Code   RO         2211    .text.HAL_FDCAN_ErrorStatusCallback  stm32h7xx_hal_fdcan.o
    0x08007482   0x08007482   0x00000006   PAD
    0x08007488   0x08007488   0x000002f8   Code   RO         2111    .text.HAL_FDCAN_GetRxMessage  stm32h7xx_hal_fdcan.o
    0x08007780   0x08007780   0x00000008   Code   RO         2189    .text.HAL_FDCAN_HighPriorityMessageCallback  stm32h7xx_hal_fdcan.o
    0x08007788   0x08007788   0x000005e2   Code   RO         2187    .text.HAL_FDCAN_IRQHandler  stm32h7xx_hal_fdcan.o
    0x08007d6a   0x08007d6a   0x00000006   PAD
    0x08007d70   0x08007d70   0x000003e0   Code   RO         2027    .text.HAL_FDCAN_Init  stm32h7xx_hal_fdcan.o
    0x08008150   0x08008150   0x00000226   Code   RO          442    .text.HAL_FDCAN_MspInit  fdcan.o
    0x08008376   0x08008376   0x00000002   PAD
    0x08008378   0x08008378   0x00000008   Code   RO         2205    .text.HAL_FDCAN_RxBufferNewMessageCallback  stm32h7xx_hal_fdcan.o
    0x08008380   0x08008380   0x00000066   Code   RO          106    .text.HAL_FDCAN_RxFifo0Callback  bsp_can.o
    0x080083e6   0x080083e6   0x00000002   PAD
    0x080083e8   0x080083e8   0x0000002e   Code   RO          112    .text.HAL_FDCAN_RxFifo1Callback  bsp_can.o
    0x08008416   0x08008416   0x00000002   PAD
    0x08008418   0x08008418   0x00000050   Code   RO         2097    .text.HAL_FDCAN_Start  stm32h7xx_hal_fdcan.o
    0x08008468   0x08008468   0x0000000a   Code   RO         2219    .text.HAL_FDCAN_TT_GlobalTimeCallback  stm32h7xx_hal_fdcan.o
    0x08008472   0x08008472   0x00000006   PAD
    0x08008478   0x08008478   0x0000000a   Code   RO         2213    .text.HAL_FDCAN_TT_ScheduleSyncCallback  stm32h7xx_hal_fdcan.o
    0x08008482   0x08008482   0x00000006   PAD
    0x08008488   0x08008488   0x0000000c   Code   RO         2217    .text.HAL_FDCAN_TT_StopWatchCallback  stm32h7xx_hal_fdcan.o
    0x08008494   0x08008494   0x00000004   PAD
    0x08008498   0x08008498   0x0000000a   Code   RO         2215    .text.HAL_FDCAN_TT_TimeMarkCallback  stm32h7xx_hal_fdcan.o
    0x080084a2   0x080084a2   0x00000006   PAD
    0x080084a8   0x080084a8   0x00000008   Code   RO         2209    .text.HAL_FDCAN_TimeoutOccurredCallback  stm32h7xx_hal_fdcan.o
    0x080084b0   0x080084b0   0x00000008   Code   RO         2207    .text.HAL_FDCAN_TimestampWraparoundCallback  stm32h7xx_hal_fdcan.o
    0x080084b8   0x080084b8   0x0000000a   Code   RO         2191    .text.HAL_FDCAN_TxBufferAbortCallback  stm32h7xx_hal_fdcan.o
    0x080084c2   0x080084c2   0x00000006   PAD
    0x080084c8   0x080084c8   0x0000000a   Code   RO         2203    .text.HAL_FDCAN_TxBufferCompleteCallback  stm32h7xx_hal_fdcan.o
    0x080084d2   0x080084d2   0x00000006   PAD
    0x080084d8   0x080084d8   0x0000000a   Code   RO         2195    .text.HAL_FDCAN_TxEventFifoCallback  stm32h7xx_hal_fdcan.o
    0x080084e2   0x080084e2   0x00000006   PAD
    0x080084e8   0x080084e8   0x00000008   Code   RO         2201    .text.HAL_FDCAN_TxFifoEmptyCallback  stm32h7xx_hal_fdcan.o
    0x080084f0   0x080084f0   0x000003a8   Code   RO         1049    .text.HAL_GPIO_Init  stm32h7xx_hal_gpio.o
    0x08008898   0x08008898   0x0000002e   Code   RO         1055    .text.HAL_GPIO_WritePin  stm32h7xx_hal_gpio.o
    0x080088c6   0x080088c6   0x00000002   PAD
    0x080088c8   0x080088c8   0x0000000c   Code   RO         1430    .text.HAL_GetTick   stm32h7xx_hal.o
    0x080088d4   0x080088d4   0x00000004   PAD
    0x080088d8   0x080088d8   0x0000001a   Code   RO         1428    .text.HAL_IncTick   stm32h7xx_hal.o
    0x080088f2   0x080088f2   0x00000006   PAD
    0x080088f8   0x080088f8   0x0000007a   Code   RO         1418    .text.HAL_Init      stm32h7xx_hal.o
    0x08008972   0x08008972   0x00000006   PAD
    0x08008978   0x08008978   0x000000d8   Code   RO          623    .text.HAL_InitTick  stm32h7xx_hal_timebase_tim_1.o
    0x08008a50   0x08008a50   0x00000080   Code   RO         1377    .text.HAL_MPU_ConfigRegion  stm32h7xx_hal_cortex.o
    0x08008ad0   0x08008ad0   0x00000022   Code   RO         1369    .text.HAL_MPU_Disable  stm32h7xx_hal_cortex.o
    0x08008af2   0x08008af2   0x00000006   PAD
    0x08008af8   0x08008af8   0x00000030   Code   RO         1371    .text.HAL_MPU_Enable  stm32h7xx_hal_cortex.o
    0x08008b28   0x08008b28   0x00000024   Code   RO          615    .text.HAL_MspInit   stm32h7xx_hal_msp.o
    0x08008b4c   0x08008b4c   0x00000004   PAD
    0x08008b50   0x08008b50   0x00000014   Code   RO         1353    .text.HAL_NVIC_EnableIRQ  stm32h7xx_hal_cortex.o
    0x08008b64   0x08008b64   0x00000004   PAD
    0x08008b68   0x08008b68   0x0000002e   Code   RO         1345    .text.HAL_NVIC_SetPriority  stm32h7xx_hal_cortex.o
    0x08008b96   0x08008b96   0x00000002   PAD
    0x08008b98   0x08008b98   0x00000010   Code   RO         1341    .text.HAL_NVIC_SetPriorityGrouping  stm32h7xx_hal_cortex.o
    0x08008ba8   0x08008ba8   0x00000036   Code   RO          722    .text.HAL_PCDEx_ActivateLPM  stm32h7xx_hal_pcd_ex.o
    0x08008bde   0x08008bde   0x00000002   PAD
    0x08008be0   0x08008be0   0x0000000c   Code   RO          734    .text.HAL_PCDEx_LPM_Callback  stm32h7xx_hal_pcd_ex.o
    0x08008bec   0x08008bec   0x00000004   PAD
    0x08008bf0   0x08008bf0   0x00000018   Code   RO          720    .text.HAL_PCDEx_SetRxFiFo  stm32h7xx_hal_pcd_ex.o
    0x08008c08   0x08008c08   0x0000009c   Code   RO          718    .text.HAL_PCDEx_SetTxFiFo  stm32h7xx_hal_pcd_ex.o
    0x08008ca4   0x08008ca4   0x00000004   PAD
    0x08008ca8   0x08008ca8   0x00000014   Code   RO         3002    .text.HAL_PCD_ConnectCallback  usbd_conf.o
    0x08008cbc   0x08008cbc   0x00000004   PAD
    0x08008cc0   0x08008cc0   0x00000026   Code   RO         2988    .text.HAL_PCD_DataInStageCallback  usbd_conf.o
    0x08008ce6   0x08008ce6   0x00000002   PAD
    0x08008ce8   0x08008ce8   0x00000028   Code   RO         2986    .text.HAL_PCD_DataOutStageCallback  usbd_conf.o
    0x08008d10   0x08008d10   0x00000014   Code   RO         3004    .text.HAL_PCD_DisconnectCallback  usbd_conf.o
    0x08008d24   0x08008d24   0x00000004   PAD
    0x08008d28   0x08008d28   0x0000005e   Code   RO          671    .text.HAL_PCD_EP_Abort  stm32h7xx_hal_pcd.o
    0x08008d86   0x08008d86   0x00000002   PAD
    0x08008d88   0x08008d88   0x000000a8   Code   RO          689    .text.HAL_PCD_EP_Close  stm32h7xx_hal_pcd.o
    0x08008e30   0x08008e30   0x000000c8   Code   RO          699    .text.HAL_PCD_EP_ClrStall  stm32h7xx_hal_pcd.o
    0x08008ef8   0x08008ef8   0x00000022   Code   RO          693    .text.HAL_PCD_EP_GetRxCount  stm32h7xx_hal_pcd.o
    0x08008f1a   0x08008f1a   0x00000006   PAD
    0x08008f20   0x08008f20   0x000000ea   Code   RO          687    .text.HAL_PCD_EP_Open  stm32h7xx_hal_pcd.o
    0x0800900a   0x0800900a   0x00000006   PAD
    0x08009010   0x08009010   0x0000006c   Code   RO          691    .text.HAL_PCD_EP_Receive  stm32h7xx_hal_pcd.o
    0x0800907c   0x0800907c   0x00000004   PAD
    0x08009080   0x08009080   0x000000de   Code   RO          697    .text.HAL_PCD_EP_SetStall  stm32h7xx_hal_pcd.o
    0x0800915e   0x0800915e   0x00000002   PAD
    0x08009160   0x08009160   0x0000006c   Code   RO          695    .text.HAL_PCD_EP_Transmit  stm32h7xx_hal_pcd.o
    0x080091cc   0x080091cc   0x00000004   PAD
    0x080091d0   0x080091d0   0x00000888   Code   RO          649    .text.HAL_PCD_IRQHandler  stm32h7xx_hal_pcd.o
    0x08009a58   0x08009a58   0x0000001c   Code   RO         3000    .text.HAL_PCD_ISOINIncompleteCallback  usbd_conf.o
    0x08009a74   0x08009a74   0x00000004   PAD
    0x08009a78   0x08009a78   0x0000001c   Code   RO         2998    .text.HAL_PCD_ISOOUTIncompleteCallback  usbd_conf.o
    0x08009a94   0x08009a94   0x00000004   PAD
    0x08009a98   0x08009a98   0x0000023a   Code   RO          637    .text.HAL_PCD_Init  stm32h7xx_hal_pcd.o
    0x08009cd2   0x08009cd2   0x00000006   PAD
    0x08009cd8   0x08009cd8   0x00000078   Code   RO         2980    .text.HAL_PCD_MspInit  usbd_conf.o
    0x08009d50   0x08009d50   0x00000052   Code   RO         2992    .text.HAL_PCD_ResetCallback  usbd_conf.o
    0x08009da2   0x08009da2   0x00000006   PAD
    0x08009da8   0x08009da8   0x00000014   Code   RO         2996    .text.HAL_PCD_ResumeCallback  usbd_conf.o
    0x08009dbc   0x08009dbc   0x00000004   PAD
    0x08009dc0   0x08009dc0   0x00000014   Code   RO         2990    .text.HAL_PCD_SOFCallback  usbd_conf.o
    0x08009dd4   0x08009dd4   0x00000004   PAD
    0x08009dd8   0x08009dd8   0x0000005c   Code   RO          685    .text.HAL_PCD_SetAddress  stm32h7xx_hal_pcd.o
    0x08009e34   0x08009e34   0x00000004   PAD
    0x08009e38   0x08009e38   0x00000018   Code   RO         2984    .text.HAL_PCD_SetupStageCallback  usbd_conf.o
    0x08009e50   0x08009e50   0x0000007c   Code   RO          645    .text.HAL_PCD_Start  stm32h7xx_hal_pcd.o
    0x08009ecc   0x08009ecc   0x00000004   PAD
    0x08009ed0   0x08009ed0   0x0000003e   Code   RO         2994    .text.HAL_PCD_SuspendCallback  usbd_conf.o
    0x08009f0e   0x08009f0e   0x00000002   PAD
    0x08009f10   0x08009f10   0x000000a2   Code   RO         1258    .text.HAL_PWREx_ConfigSupply  stm32h7xx_hal_pwr_ex.o
    0x08009fb2   0x08009fb2   0x00000006   PAD
    0x08009fb8   0x08009fb8   0x00000012   Code   RO         1308    .text.HAL_PWREx_EnableUSBVoltageDetector  stm32h7xx_hal_pwr_ex.o
    0x08009fca   0x08009fca   0x00000006   PAD
    0x08009fd0   0x08009fd0   0x00000026   Code   RO          899    .text.HAL_RCCEx_GetD3PCLK1Freq  stm32h7xx_hal_rcc_ex.o
    0x08009ff6   0x08009ff6   0x00000002   PAD
    0x08009ff8   0x08009ff8   0x000002ac   Code   RO          893    .text.HAL_RCCEx_GetPLL1ClockFreq  stm32h7xx_hal_rcc_ex.o
    0x0800a2a4   0x0800a2a4   0x00000004   PAD
    0x0800a2a8   0x0800a2a8   0x000002ac   Code   RO          895    .text.HAL_RCCEx_GetPLL2ClockFreq  stm32h7xx_hal_rcc_ex.o
    0x0800a554   0x0800a554   0x00000004   PAD
    0x0800a558   0x0800a558   0x000002ac   Code   RO          897    .text.HAL_RCCEx_GetPLL3ClockFreq  stm32h7xx_hal_rcc_ex.o
    0x0800a804   0x0800a804   0x00000004   PAD
    0x0800a808   0x0800a808   0x00000ad2   Code   RO          891    .text.HAL_RCCEx_GetPeriphCLKFreq  stm32h7xx_hal_rcc_ex.o
    0x0800b2da   0x0800b2da   0x00000006   PAD
    0x0800b2e0   0x0800b2e0   0x00000fec   Code   RO          883    .text.HAL_RCCEx_PeriphCLKConfig  stm32h7xx_hal_rcc_ex.o
    0x0800c2cc   0x0800c2cc   0x00000004   PAD
    0x0800c2d0   0x0800c2d0   0x00000498   Code   RO          852    .text.HAL_RCC_ClockConfig  stm32h7xx_hal_rcc.o
    0x0800c768   0x0800c768   0x00000088   Code   RO          870    .text.HAL_RCC_GetClockConfig  stm32h7xx_hal_rcc.o
    0x0800c7f0   0x0800c7f0   0x00000056   Code   RO          862    .text.HAL_RCC_GetHCLKFreq  stm32h7xx_hal_rcc.o
    0x0800c846   0x0800c846   0x00000002   PAD
    0x0800c848   0x0800c848   0x00000026   Code   RO          864    .text.HAL_RCC_GetPCLK1Freq  stm32h7xx_hal_rcc.o
    0x0800c86e   0x0800c86e   0x00000002   PAD
    0x0800c870   0x0800c870   0x00000026   Code   RO          866    .text.HAL_RCC_GetPCLK2Freq  stm32h7xx_hal_rcc.o
    0x0800c896   0x0800c896   0x00000002   PAD
    0x0800c898   0x0800c898   0x00000310   Code   RO          854    .text.HAL_RCC_GetSysClockFreq  stm32h7xx_hal_rcc.o
    0x0800cba8   0x0800cba8   0x00000a20   Code   RO          850    .text.HAL_RCC_OscConfig  stm32h7xx_hal_rcc.o
    0x0800d5c8   0x0800d5c8   0x000000d0   Code   RO         2856    .text.HAL_RS485Ex_Init  stm32h7xx_hal_uart_ex.o
    0x0800d698   0x0800d698   0x00000008   Code   RO         2316    .text.HAL_SPI_ErrorCallback  stm32h7xx_hal_spi.o
    0x0800d6a0   0x0800d6a0   0x00000390   Code   RO         2312    .text.HAL_SPI_IRQHandler  stm32h7xx_hal_spi.o
    0x0800da30   0x0800da30   0x00000292   Code   RO         2236    .text.HAL_SPI_Init  stm32h7xx_hal_spi.o
    0x0800dcc2   0x0800dcc2   0x00000006   PAD
    0x0800dcc8   0x0800dcc8   0x000001d6   Code   RO          460    .text.HAL_SPI_MspInit  spi.o
    0x0800de9e   0x0800de9e   0x00000002   PAD
    0x0800dea0   0x0800dea0   0x00000008   Code   RO         2320    .text.HAL_SPI_RxCpltCallback  stm32h7xx_hal_spi.o
    0x0800dea8   0x0800dea8   0x00000008   Code   RO         2314    .text.HAL_SPI_SuspendCallback  stm32h7xx_hal_spi.o
    0x0800deb0   0x0800deb0   0x00000704   Code   RO         2254    .text.HAL_SPI_TransmitReceive  stm32h7xx_hal_spi.o
    0x0800e5b4   0x0800e5b4   0x00000004   PAD
    0x0800e5b8   0x0800e5b8   0x00000008   Code   RO         2322    .text.HAL_SPI_TxCpltCallback  stm32h7xx_hal_spi.o
    0x0800e5c0   0x0800e5c0   0x00000008   Code   RO         2318    .text.HAL_SPI_TxRxCpltCallback  stm32h7xx_hal_spi.o
    0x0800e5c8   0x0800e5c8   0x00000008   Code   RO         2695    .text.HAL_TIMEx_Break2Callback  stm32h7xx_hal_tim_ex.o
    0x0800e5d0   0x0800e5d0   0x00000008   Code   RO         2693    .text.HAL_TIMEx_BreakCallback  stm32h7xx_hal_tim_ex.o
    0x0800e5d8   0x0800e5d8   0x00000008   Code   RO         2689    .text.HAL_TIMEx_CommutCallback  stm32h7xx_hal_tim_ex.o
    0x0800e5e0   0x0800e5e0   0x0000017c   Code   RO         2673    .text.HAL_TIMEx_MasterConfigSynchronization  stm32h7xx_hal_tim_ex.o
    0x0800e75c   0x0800e75c   0x00000004   PAD
    0x0800e760   0x0800e760   0x000000a8   Code   RO         2356    .text.HAL_TIM_Base_Init  stm32h7xx_hal_tim.o
    0x0800e808   0x0800e808   0x00000008   Code   RO         2358    .text.HAL_TIM_Base_MspInit  stm32h7xx_hal_tim.o
    0x0800e810   0x0800e810   0x00000128   Code   RO         2370    .text.HAL_TIM_Base_Start_IT  stm32h7xx_hal_tim.o
    0x0800e938   0x0800e938   0x00000008   Code   RO         2492    .text.HAL_TIM_IC_CaptureCallback  stm32h7xx_hal_tim.o
    0x0800e940   0x0800e940   0x00000250   Code   RO         2490    .text.HAL_TIM_IRQHandler  stm32h7xx_hal_tim.o
    0x0800eb90   0x0800eb90   0x00000064   Code   RO          476    .text.HAL_TIM_MspPostInit  tim.o
    0x0800ebf4   0x0800ebf4   0x00000004   PAD
    0x0800ebf8   0x0800ebf8   0x00000008   Code   RO         2494    .text.HAL_TIM_OC_DelayElapsedCallback  stm32h7xx_hal_tim.o
    0x0800ec00   0x0800ec00   0x000001b0   Code   RO         2526    .text.HAL_TIM_PWM_ConfigChannel  stm32h7xx_hal_tim.o
    0x0800edb0   0x0800edb0   0x000000a8   Code   RO         2410    .text.HAL_TIM_PWM_Init  stm32h7xx_hal_tim.o
    0x0800ee58   0x0800ee58   0x0000003a   Code   RO          478    .text.HAL_TIM_PWM_MspInit  tim.o
    0x0800ee92   0x0800ee92   0x00000006   PAD
    0x0800ee98   0x0800ee98   0x00000008   Code   RO         2496    .text.HAL_TIM_PWM_PulseFinishedCallback  stm32h7xx_hal_tim.o
    0x0800eea0   0x0800eea0   0x000002a2   Code   RO         2418    .text.HAL_TIM_PWM_Start  stm32h7xx_hal_tim.o
    0x0800f142   0x0800f142   0x00000006   PAD
    0x0800f148   0x0800f148   0x0000001c   Code   RO          382    .text.HAL_TIM_PeriodElapsedCallback  main.o
    0x0800f164   0x0800f164   0x00000004   PAD
    0x0800f168   0x0800f168   0x00000008   Code   RO         2500    .text.HAL_TIM_TriggerCallback  stm32h7xx_hal_tim.o
    0x0800f170   0x0800f170   0x0000007c   Code   RO         2878    .text.HAL_UARTEx_DisableFifoMode  stm32h7xx_hal_uart_ex.o
    0x0800f1ec   0x0800f1ec   0x00000004   PAD
    0x0800f1f0   0x0800f1f0   0x000001e0   Code   RO          134    .text.HAL_UARTEx_RxEventCallback  bsp_uart.o
    0x0800f3d0   0x0800f3d0   0x00000008   Code   RO         2860    .text.HAL_UARTEx_RxFifoFullCallback  stm32h7xx_hal_uart_ex.o
    0x0800f3d8   0x0800f3d8   0x0000008c   Code   RO         2882    .text.HAL_UARTEx_SetRxFifoThreshold  stm32h7xx_hal_uart_ex.o
    0x0800f464   0x0800f464   0x00000004   PAD
    0x0800f468   0x0800f468   0x0000008c   Code   RO         2880    .text.HAL_UARTEx_SetTxFifoThreshold  stm32h7xx_hal_uart_ex.o
    0x0800f4f4   0x0800f4f4   0x00000004   PAD
    0x0800f4f8   0x0800f4f8   0x00000008   Code   RO         2862    .text.HAL_UARTEx_TxFifoEmptyCallback  stm32h7xx_hal_uart_ex.o
    0x0800f500   0x0800f500   0x00000008   Code   RO         2858    .text.HAL_UARTEx_WakeupCallback  stm32h7xx_hal_uart_ex.o
    0x0800f508   0x0800f508   0x00000008   Code   RO         2800    .text.HAL_UART_ErrorCallback  stm32h7xx_hal_uart.o
    0x0800f510   0x0800f510   0x000006c8   Code   RO         2796    .text.HAL_UART_IRQHandler  stm32h7xx_hal_uart.o
    0x0800fbd8   0x0800fbd8   0x000000aa   Code   RO         2708    .text.HAL_UART_Init  stm32h7xx_hal_uart.o
    0x0800fc82   0x0800fc82   0x00000006   PAD
    0x0800fc88   0x0800fc88   0x00000822   Code   RO          502    .text.HAL_UART_MspInit  usart.o
    0x080104aa   0x080104aa   0x00000006   PAD
    0x080104b0   0x080104b0   0x00000008   Code   RO         2806    .text.HAL_UART_TxCpltCallback  stm32h7xx_hal_uart.o
    0x080104b8   0x080104b8   0x00000030   Code   RO          200    .text.HaL_Tick      bsp_tick.o
    0x080104e8   0x080104e8   0x00000004   Code   RO          532    .text.HardFault_Handler  stm32h7xx_it.o
    0x080104ec   0x080104ec   0x00000004   PAD
    0x080104f0   0x080104f0   0x0000007a   Code   RO         2942    .text.IntToUnicode  usbd_desc.o
    0x0801056a   0x0801056a   0x00000006   PAD
    0x08010570   0x08010570   0x0000001c   Code   RO         1893    .text.LL_ADC_Disable  stm32h7xx_hal_adc.o
    0x0801058c   0x0801058c   0x00000004   PAD
    0x08010590   0x08010590   0x00000018   Code   RO         1755    .text.LL_ADC_DisableDeepPowerDown  stm32h7xx_hal_adc.o
    0x080105a8   0x080105a8   0x0000001c   Code   RO         1891    .text.LL_ADC_Enable  stm32h7xx_hal_adc.o
    0x080105c4   0x080105c4   0x00000004   PAD
    0x080105c8   0x080105c8   0x00000012   Code   RO         1811    .text.LL_ADC_EnableDMAReq  stm32h7xx_hal_adc.o
    0x080105da   0x080105da   0x00000006   PAD
    0x080105e0   0x080105e0   0x0000001e   Code   RO         1759    .text.LL_ADC_EnableInternalRegulator  stm32h7xx_hal_adc.o
    0x080105fe   0x080105fe   0x00000002   PAD
    0x08010600   0x08010600   0x00000010   Code   RO         1853    .text.LL_ADC_GetCommonPathInternalCh  stm32h7xx_hal_adc.o
    0x08010610   0x08010610   0x00000010   Code   RO         1781    .text.LL_ADC_GetMultimode  stm32h7xx_hal_adc.o
    0x08010620   0x08010620   0x0000001e   Code   RO         1847    .text.LL_ADC_GetOffsetChannel  stm32h7xx_hal_adc.o
    0x0801063e   0x0801063e   0x00000002   PAD
    0x08010640   0x08010640   0x00000010   Code   RO         1767    .text.LL_ADC_INJ_IsConversionOngoing  stm32h7xx_hal_adc.o
    0x08010650   0x08010650   0x0000000e   Code   RO         1906    .text.LL_ADC_IsCalibrationOnGoing  stm32h7xx_hal_adc_ex.o
    0x0801065e   0x0801065e   0x00000002   PAD
    0x08010660   0x08010660   0x00000010   Code   RO         1753    .text.LL_ADC_IsDeepPowerDownEnabled  stm32h7xx_hal_adc.o
    0x08010670   0x08010670   0x00000010   Code   RO         1885    .text.LL_ADC_IsDisableOngoing  stm32h7xx_hal_adc.o
    0x08010680   0x08010680   0x00000010   Code   RO         1763    .text.LL_ADC_IsEnabled  stm32h7xx_hal_adc.o
    0x08010690   0x08010690   0x00000010   Code   RO         1914    .text.LL_ADC_IsEnabled  stm32h7xx_hal_adc_ex.o
    0x080106a0   0x080106a0   0x00000010   Code   RO         1757    .text.LL_ADC_IsInternalRegulatorEnabled  stm32h7xx_hal_adc.o
    0x080106b0   0x080106b0   0x00000010   Code   RO         1761    .text.LL_ADC_REG_IsConversionOngoing  stm32h7xx_hal_adc.o
    0x080106c0   0x080106c0   0x00000010   Code   RO         1916    .text.LL_ADC_REG_IsConversionOngoing  stm32h7xx_hal_adc_ex.o
    0x080106d0   0x080106d0   0x00000016   Code   RO         1793    .text.LL_ADC_REG_IsTriggerSourceSWStart  stm32h7xx_hal_adc.o
    0x080106e6   0x080106e6   0x00000002   PAD
    0x080106e8   0x080106e8   0x0000002c   Code   RO         1809    .text.LL_ADC_REG_SetDMATransferMode  stm32h7xx_hal_adc.o
    0x08010714   0x08010714   0x00000004   PAD
    0x08010718   0x08010718   0x0000001a   Code   RO         1813    .text.LL_ADC_REG_SetDataTransferMode  stm32h7xx_hal_adc.o
    0x08010732   0x08010732   0x00000006   PAD
    0x08010738   0x08010738   0x0000003a   Code   RO         1833    .text.LL_ADC_REG_SetSequencerRanks  stm32h7xx_hal_adc.o
    0x08010772   0x08010772   0x00000006   PAD
    0x08010778   0x08010778   0x0000001c   Code   RO         1785    .text.LL_ADC_REG_StartConversion  stm32h7xx_hal_adc.o
    0x08010794   0x08010794   0x00000004   PAD
    0x08010798   0x08010798   0x00000036   Code   RO         1835    .text.LL_ADC_SetChannelSamplingTime  stm32h7xx_hal_adc.o
    0x080107ce   0x080107ce   0x00000002   PAD
    0x080107d0   0x080107d0   0x00000070   Code   RO         1851    .text.LL_ADC_SetChannelSingleDiff  stm32h7xx_hal_adc.o
    0x08010840   0x08010840   0x0000001a   Code   RO         1765    .text.LL_ADC_SetCommonClock  stm32h7xx_hal_adc.o
    0x0801085a   0x0801085a   0x00000006   PAD
    0x08010860   0x08010860   0x0000001a   Code   RO         1855    .text.LL_ADC_SetCommonPathInternalCh  stm32h7xx_hal_adc.o
    0x0801087a   0x0801087a   0x00000006   PAD
    0x08010880   0x08010880   0x00000024   Code   RO         1845    .text.LL_ADC_SetDataRightShift  stm32h7xx_hal_adc.o
    0x080108a4   0x080108a4   0x00000004   PAD
    0x080108a8   0x080108a8   0x0000005c   Code   RO         1837    .text.LL_ADC_SetOffset  stm32h7xx_hal_adc.o
    0x08010904   0x08010904   0x00000004   PAD
    0x08010908   0x08010908   0x0000003a   Code   RO         1841    .text.LL_ADC_SetOffsetSaturation  stm32h7xx_hal_adc.o
    0x08010942   0x08010942   0x00000006   PAD
    0x08010948   0x08010948   0x0000003a   Code   RO         1839    .text.LL_ADC_SetOffsetSign  stm32h7xx_hal_adc.o
    0x08010982   0x08010982   0x00000006   PAD
    0x08010988   0x08010988   0x0000003c   Code   RO         1843    .text.LL_ADC_SetOffsetSignedSaturation  stm32h7xx_hal_adc.o
    0x080109c4   0x080109c4   0x00000004   PAD
    0x080109c8   0x080109c8   0x0000004c   Code   RO         1849    .text.LL_ADC_SetOffsetState  stm32h7xx_hal_adc.o
    0x08010a14   0x08010a14   0x00000004   PAD
    0x08010a18   0x08010a18   0x00000032   Code   RO         1904    .text.LL_ADC_StartCalibration  stm32h7xx_hal_adc_ex.o
    0x08010a4a   0x08010a4a   0x00000006   PAD
    0x08010a50   0x08010a50   0x00000020   Code   RO          225    .text.MCU_Init      bsp_mcu.o
    0x08010a70   0x08010a70   0x0000005a   Code   RO          374    .text.MPU_Config    main.o
    0x08010aca   0x08010aca   0x00000006   PAD
    0x08010ad0   0x08010ad0   0x000000e0   Code   RO          400    .text.MX_ADC1_Init  adc.o
    0x08010bb0   0x08010bb0   0x000000a2   Code   RO          402    .text.MX_ADC3_Init  adc.o
    0x08010c52   0x08010c52   0x00000006   PAD
    0x08010c58   0x08010c58   0x00000038   Code   RO          419    .text.MX_BDMA_Init  bdma.o
    0x08010c90   0x08010c90   0x0000019c   Code   RO          427    .text.MX_DMA_Init   dma.o
    0x08010e2c   0x08010e2c   0x00000004   PAD
    0x08010e30   0x08010e30   0x00000074   Code   RO          436    .text.MX_FDCAN1_Init  fdcan.o
    0x08010ea4   0x08010ea4   0x00000004   PAD
    0x08010ea8   0x08010ea8   0x0000007c   Code   RO          438    .text.MX_FDCAN2_Init  fdcan.o
    0x08010f24   0x08010f24   0x00000004   PAD
    0x08010f28   0x08010f28   0x00000078   Code   RO          440    .text.MX_FDCAN3_Init  fdcan.o
    0x08010fa0   0x08010fa0   0x0000013e   Code   RO          392    .text.MX_GPIO_Init  gpio.o
    0x080110de   0x080110de   0x00000002   PAD
    0x080110e0   0x080110e0   0x0000006e   Code   RO          458    .text.MX_SPI2_Init  spi.o
    0x0801114e   0x0801114e   0x00000002   PAD
    0x08011150   0x08011150   0x000000a2   Code   RO          474    .text.MX_TIM3_Init  tim.o
    0x080111f2   0x080111f2   0x00000006   PAD
    0x080111f8   0x080111f8   0x0000009c   Code   RO          490    .text.MX_UART5_Init  usart.o
    0x08011294   0x08011294   0x00000004   PAD
    0x08011298   0x08011298   0x0000008e   Code   RO          492    .text.MX_UART7_Init  usart.o
    0x08011326   0x08011326   0x00000002   PAD
    0x08011328   0x08011328   0x0000008e   Code   RO          500    .text.MX_USART10_UART_Init  usart.o
    0x080113b6   0x080113b6   0x00000002   PAD
    0x080113b8   0x080113b8   0x0000008e   Code   RO          494    .text.MX_USART1_UART_Init  usart.o
    0x08011446   0x08011446   0x00000002   PAD
    0x08011448   0x08011448   0x00000096   Code   RO          496    .text.MX_USART2_UART_Init  usart.o
    0x080114de   0x080114de   0x00000002   PAD
    0x080114e0   0x080114e0   0x00000096   Code   RO          498    .text.MX_USART3_UART_Init  usart.o
    0x08011576   0x08011576   0x00000002   PAD
    0x08011578   0x08011578   0x0000007a   Code   RO         2915    .text.MX_USB_DEVICE_Init  usb_device.o
    0x080115f2   0x080115f2   0x00000006   PAD
    0x080115f8   0x080115f8   0x00000004   Code   RO          534    .text.MemManage_Handler  stm32h7xx_it.o
    0x080115fc   0x080115fc   0x00000004   PAD
    0x08011600   0x08011600   0x0000000a   Code   RO           65    .text.MiniPC_Recvive_Info  minipc.o
    0x0801160a   0x0801160a   0x00000006   PAD
    0x08011610   0x08011610   0x00000004   Code   RO          530    .text.NMI_Handler   stm32h7xx_it.o
    0x08011614   0x08011614   0x00000004   PAD
    0x08011618   0x08011618   0x0000006c   Code   RO         1351    .text.NVIC_EncodePriority  stm32h7xx_hal_cortex.o
    0x08011684   0x08011684   0x00000004   PAD
    0x08011688   0x08011688   0x00000010   Code   RO          596    .text.OTG_HS_IRQHandler  stm32h7xx_it.o
    0x08011698   0x08011698   0x0000008a   Code   RO          653    .text.PCD_EP_OutSetupPacket_int  stm32h7xx_hal_pcd.o
    0x08011722   0x08011722   0x00000006   PAD
    0x08011728   0x08011728   0x000001c8   Code   RO          651    .text.PCD_EP_OutXfrComplete_int  stm32h7xx_hal_pcd.o
    0x080118f0   0x080118f0   0x00000132   Code   RO          661    .text.PCD_WriteEmptyTxFifo  stm32h7xx_hal_pcd.o
    0x08011a22   0x08011a22   0x00000006   PAD
    0x08011a28   0x08011a28   0x00000054   Code   RO          378    .text.PeriphCommonClock_Config  main.o
    0x08011a7c   0x08011a7c   0x00000004   PAD
    0x08011a80   0x08011a80   0x000001ca   Code   RO          885    .text.RCCEx_PLL2_Config  stm32h7xx_hal_rcc_ex.o
    0x08011c4a   0x08011c4a   0x00000006   PAD
    0x08011c50   0x08011c50   0x000001ca   Code   RO          887    .text.RCCEx_PLL3_Config  stm32h7xx_hal_rcc_ex.o
    0x08011e1a   0x08011e1a   0x00000006   PAD
    0x08011e20   0x08011e20   0x0000009e   Code   RO           42    .text.Referee_System_Frame_Update  referee_system.o
    0x08011ebe   0x08011ebe   0x00000002   PAD
    0x08011ec0   0x08011ec0   0x000006e8   Code   RO           44    .text.Referee_System_Info_Update  referee_system.o
    0x080125a8   0x080125a8   0x00000130   Code   RO           28    .text.SBUS_TO_RC    remote_control.o
    0x080126d8   0x080126d8   0x00000010   Code   RO          570    .text.SPI2_IRQHandler  stm32h7xx_it.o
    0x080126e8   0x080126e8   0x00000116   Code   RO         2248    .text.SPI_CloseTransfer  stm32h7xx_hal_spi.o
    0x080127fe   0x080127fe   0x00000002   PAD
    0x08012800   0x08012800   0x0000002c   Code   RO         2324    .text.SPI_DMAAbortOnError  stm32h7xx_hal_spi.o
    0x0801282c   0x0801282c   0x00000004   PAD
    0x08012830   0x08012830   0x0000002a   Code   RO         2238    .text.SPI_GetPacketSize  stm32h7xx_hal_spi.o
    0x0801285a   0x0801285a   0x00000006   PAD
    0x08012860   0x08012860   0x00000068   Code   RO         2250    .text.SPI_WaitOnFlagUntilTimeout  stm32h7xx_hal_spi.o
    0x080128c8   0x080128c8   0x00000002   Code   RO          540    .text.SVC_Handler   stm32h7xx_it.o
    0x080128ca   0x080128ca   0x00000006   PAD
    0x080128d0   0x080128d0   0x00000036   Code   RO         3130    .text.SWAPBYTE      usbd_ctlreq.o
    0x08012906   0x08012906   0x00000002   PAD
    0x08012908   0x08012908   0x00000002   Code   RO          544    .text.SysTick_Handler  stm32h7xx_it.o
    0x0801290a   0x0801290a   0x00000006   PAD
    0x08012910   0x08012910   0x000000da   Code   RO          376    .text.SystemClock_Config  main.o
    0x080129ea   0x080129ea   0x00000006   PAD
    0x080129f0   0x080129f0   0x0000013a   Code   RO         2901    .text.SystemInit    system_stm32h7xx.o
    0x08012b2a   0x08012b2a   0x00000006   PAD
    0x08012b30   0x08012b30   0x00000010   Code   RO          568    .text.TIM2_IRQHandler  stm32h7xx_it.o
    0x08012b40   0x08012b40   0x000001d0   Code   RO         2360    .text.TIM_Base_SetConfig  stm32h7xx_hal_tim.o
    0x08012d10   0x08012d10   0x00000036   Code   RO         2394    .text.TIM_CCxChannelCmd  stm32h7xx_hal_tim.o
    0x08012d46   0x08012d46   0x00000002   PAD
    0x08012d48   0x08012d48   0x00000150   Code   RO         2504    .text.TIM_OC1_SetConfig  stm32h7xx_hal_tim.o
    0x08012e98   0x08012e98   0x0000016c   Code   RO         2506    .text.TIM_OC2_SetConfig  stm32h7xx_hal_tim.o
    0x08013004   0x08013004   0x00000004   PAD
    0x08013008   0x08013008   0x0000016a   Code   RO         2508    .text.TIM_OC3_SetConfig  stm32h7xx_hal_tim.o
    0x08013172   0x08013172   0x00000006   PAD
    0x08013178   0x08013178   0x000000da   Code   RO         2510    .text.TIM_OC4_SetConfig  stm32h7xx_hal_tim.o
    0x08013252   0x08013252   0x00000006   PAD
    0x08013258   0x08013258   0x000000d0   Code   RO         2512    .text.TIM_OC5_SetConfig  stm32h7xx_hal_tim.o
    0x08013328   0x08013328   0x000000d2   Code   RO         2514    .text.TIM_OC6_SetConfig  stm32h7xx_hal_tim.o
    0x080133fa   0x080133fa   0x00000006   PAD
    0x08013400   0x08013400   0x00000010   Code   RO          580    .text.UART5_IRQHandler  stm32h7xx_it.o
    0x08013410   0x08013410   0x00000010   Code   RO          598    .text.UART7_IRQHandler  stm32h7xx_it.o
    0x08013420   0x08013420   0x00000086   Code   RO         2876    .text.UARTEx_SetNbDataToProcess  stm32h7xx_hal_uart_ex.o
    0x080134a6   0x080134a6   0x00000002   PAD
    0x080134a8   0x080134a8   0x00000148   Code   RO         2712    .text.UART_AdvFeatureConfig  stm32h7xx_hal_uart.o
    0x080135f0   0x080135f0   0x00000146   Code   RO         2716    .text.UART_CheckIdleState  stm32h7xx_hal_uart.o
    0x08013736   0x08013736   0x00000002   PAD
    0x08013738   0x08013738   0x00000024   Code   RO         2798    .text.UART_DMAAbortOnError  stm32h7xx_hal_uart.o
    0x0801375c   0x0801375c   0x00000004   PAD
    0x08013760   0x08013760   0x0000009e   Code   RO         2768    .text.UART_EndRxTransfer  stm32h7xx_hal_uart.o
    0x080137fe   0x080137fe   0x00000002   PAD
    0x08013800   0x08013800   0x00000044   Code   RO         2804    .text.UART_EndTransmit_IT  stm32h7xx_hal_uart.o
    0x08013844   0x08013844   0x00000004   PAD
    0x08013848   0x08013848   0x00000a4e   Code   RO         2714    .text.UART_SetConfig  stm32h7xx_hal_uart.o
    0x08014296   0x08014296   0x00000002   PAD
    0x08014298   0x08014298   0x0000010c   Code   RO         2730    .text.UART_WaitOnFlagUntilTimeout  stm32h7xx_hal_uart.o
    0x080143a4   0x080143a4   0x00000004   PAD
    0x080143a8   0x080143a8   0x00000010   Code   RO          602    .text.USART10_IRQHandler  stm32h7xx_it.o
    0x080143b8   0x080143b8   0x00000010   Code   RO          572    .text.USART1_IRQHandler  stm32h7xx_it.o
    0x080143c8   0x080143c8   0x00000010   Code   RO          574    .text.USART2_IRQHandler  stm32h7xx_it.o
    0x080143d8   0x080143d8   0x00000010   Code   RO          576    .text.USART3_IRQHandler  stm32h7xx_it.o
    0x080143e8   0x080143e8   0x00000388   Code   RO          132    .text.USART_RxDMA_MultiBuffer_Init  bsp_uart.o
    0x08014770   0x08014770   0x000000f4   Code   RO         3173    .text.USBD_CDC_DataIn  usbd_cdc.o
    0x08014864   0x08014864   0x00000004   PAD
    0x08014868   0x08014868   0x00000070   Code   RO         3175    .text.USBD_CDC_DataOut  usbd_cdc.o
    0x080148d8   0x080148d8   0x000000ec   Code   RO         3167    .text.USBD_CDC_DeInit  usbd_cdc.o
    0x080149c4   0x080149c4   0x00000004   PAD
    0x080149c8   0x080149c8   0x00000078   Code   RO         3171    .text.USBD_CDC_EP0_RxReady  usbd_cdc.o
    0x08014a40   0x08014a40   0x00000016   Code   RO         3183    .text.USBD_CDC_GetDeviceQualifierDescriptor  usbd_cdc.o
    0x08014a56   0x08014a56   0x00000002   PAD
    0x08014a58   0x08014a58   0x0000006c   Code   RO         3179    .text.USBD_CDC_GetFSCfgDesc  usbd_cdc.o
    0x08014ac4   0x08014ac4   0x00000004   PAD
    0x08014ac8   0x08014ac8   0x00000070   Code   RO         3177    .text.USBD_CDC_GetHSCfgDesc  usbd_cdc.o
    0x08014b38   0x08014b38   0x0000006c   Code   RO         3181    .text.USBD_CDC_GetOtherSpeedCfgDesc  usbd_cdc.o
    0x08014ba4   0x08014ba4   0x00000004   PAD
    0x08014ba8   0x08014ba8   0x0000021c   Code   RO         3165    .text.USBD_CDC_Init  usbd_cdc.o
    0x08014dc4   0x08014dc4   0x00000004   PAD
    0x08014dc8   0x08014dc8   0x0000007e   Code   RO         3193    .text.USBD_CDC_ReceivePacket  usbd_cdc.o
    0x08014e46   0x08014e46   0x00000002   PAD
    0x08014e48   0x08014e48   0x00000034   Code   RO         3185    .text.USBD_CDC_RegisterInterface  usbd_cdc.o
    0x08014e7c   0x08014e7c   0x00000004   PAD
    0x08014e80   0x08014e80   0x0000003c   Code   RO         3189    .text.USBD_CDC_SetRxBuffer  usbd_cdc.o
    0x08014ebc   0x08014ebc   0x00000004   PAD
    0x08014ec0   0x08014ec0   0x00000046   Code   RO         3187    .text.USBD_CDC_SetTxBuffer  usbd_cdc.o
    0x08014f06   0x08014f06   0x00000002   PAD
    0x08014f08   0x08014f08   0x000001cc   Code   RO         3169    .text.USBD_CDC_Setup  usbd_cdc.o
    0x080150d4   0x080150d4   0x00000004   PAD
    0x080150d8   0x080150d8   0x00000032   Code   RO         3065    .text.USBD_ClrClassConfig  usbd_core.o
    0x0801510a   0x0801510a   0x00000006   PAD
    0x08015110   0x08015110   0x00000040   Code   RO         3120    .text.USBD_ClrFeature  usbd_ctlreq.o
    0x08015150   0x08015150   0x0000000e   Code   RO         3073    .text.USBD_CoreFindEP  usbd_core.o
    0x0801515e   0x0801515e   0x00000002   PAD
    0x08015160   0x08015160   0x0000000e   Code   RO         3071    .text.USBD_CoreFindIF  usbd_core.o
    0x0801516e   0x0801516e   0x00000002   PAD
    0x08015170   0x08015170   0x0000001e   Code   RO         3150    .text.USBD_CtlContinueRx  usbd_ioreq.o
    0x0801518e   0x0801518e   0x00000002   PAD
    0x08015190   0x08015190   0x0000001e   Code   RO         3146    .text.USBD_CtlContinueSendData  usbd_ioreq.o
    0x080151ae   0x080151ae   0x00000002   PAD
    0x080151b0   0x080151b0   0x0000001c   Code   RO         3122    .text.USBD_CtlError  usbd_ctlreq.o
    0x080151cc   0x080151cc   0x00000004   PAD
    0x080151d0   0x080151d0   0x00000036   Code   RO         3148    .text.USBD_CtlPrepareRx  usbd_ioreq.o
    0x08015206   0x08015206   0x00000002   PAD
    0x08015208   0x08015208   0x00000022   Code   RO         3154    .text.USBD_CtlReceiveStatus  usbd_ioreq.o
    0x0801522a   0x0801522a   0x00000006   PAD
    0x08015230   0x08015230   0x00000032   Code   RO         3144    .text.USBD_CtlSendData  usbd_ioreq.o
    0x08015262   0x08015262   0x00000006   PAD
    0x08015268   0x08015268   0x00000022   Code   RO         3152    .text.USBD_CtlSendStatus  usbd_ioreq.o
    0x0801528a   0x0801528a   0x00000006   PAD
    0x08015290   0x08015290   0x00000064   Code   RO         3114    .text.USBD_GetConfig  usbd_ctlreq.o
    0x080152f4   0x080152f4   0x00000004   PAD
    0x080152f8   0x080152f8   0x0000031e   Code   RO         3108    .text.USBD_GetDescriptor  usbd_ctlreq.o
    0x08015616   0x08015616   0x00000002   PAD
    0x08015618   0x08015618   0x00000076   Code   RO         3095    .text.USBD_GetEpDesc  usbd_core.o
    0x0801568e   0x0801568e   0x00000002   PAD
    0x08015690   0x08015690   0x00000032   Code   RO         3134    .text.USBD_GetLen   usbd_ctlreq.o
    0x080156c2   0x080156c2   0x00000006   PAD
    0x080156c8   0x080156c8   0x00000026   Code   RO         3097    .text.USBD_GetNextDesc  usbd_core.o
    0x080156ee   0x080156ee   0x00000002   PAD
    0x080156f0   0x080156f0   0x00000062   Code   RO         3116    .text.USBD_GetStatus  usbd_ctlreq.o
    0x08015752   0x08015752   0x00000006   PAD
    0x08015758   0x08015758   0x000000bc   Code   RO         3132    .text.USBD_GetString  usbd_ctlreq.o
    0x08015814   0x08015814   0x00000004   PAD
    0x08015818   0x08015818   0x00000052   Code   RO         3010    .text.USBD_Get_USB_Status  usbd_conf.o
    0x0801586a   0x0801586a   0x00000006   PAD
    0x08015870   0x08015870   0x0000004e   Code   RO         2934    .text.USBD_HS_ConfigStrDescriptor  usbd_desc.o
    0x080158be   0x080158be   0x00000002   PAD
    0x080158c0   0x080158c0   0x0000001a   Code   RO         2924    .text.USBD_HS_DeviceDescriptor  usbd_desc.o
    0x080158da   0x080158da   0x00000006   PAD
    0x080158e0   0x080158e0   0x0000004e   Code   RO         2936    .text.USBD_HS_InterfaceStrDescriptor  usbd_desc.o
    0x0801592e   0x0801592e   0x00000002   PAD
    0x08015930   0x08015930   0x0000001a   Code   RO         2926    .text.USBD_HS_LangIDStrDescriptor  usbd_desc.o
    0x0801594a   0x0801594a   0x00000006   PAD
    0x08015950   0x08015950   0x00000028   Code   RO         2928    .text.USBD_HS_ManufacturerStrDescriptor  usbd_desc.o
    0x08015978   0x08015978   0x0000004e   Code   RO         2930    .text.USBD_HS_ProductStrDescriptor  usbd_desc.o
    0x080159c6   0x080159c6   0x00000002   PAD
    0x080159c8   0x080159c8   0x00000020   Code   RO         2932    .text.USBD_HS_SerialStrDescriptor  usbd_desc.o
    0x080159e8   0x080159e8   0x0000006a   Code   RO         3051    .text.USBD_Init     usbd_core.o
    0x08015a52   0x08015a52   0x00000006   PAD
    0x08015a58   0x08015a58   0x0000003a   Code   RO         3024    .text.USBD_LL_ClearStallEP  usbd_conf.o
    0x08015a92   0x08015a92   0x00000006   PAD
    0x08015a98   0x08015a98   0x0000003a   Code   RO         3018    .text.USBD_LL_CloseEP  usbd_conf.o
    0x08015ad2   0x08015ad2   0x00000006   PAD
    0x08015ad8   0x08015ad8   0x00000190   Code   RO         3075    .text.USBD_LL_DataInStage  usbd_core.o
    0x08015c68   0x08015c68   0x000001b2   Code   RO         3069    .text.USBD_LL_DataOutStage  usbd_core.o
    0x08015e1a   0x08015e1a   0x00000006   PAD
    0x08015e20   0x08015e20   0x0000000a   Code   RO         3091    .text.USBD_LL_DevConnected  usbd_core.o
    0x08015e2a   0x08015e2a   0x00000006   PAD
    0x08015e30   0x08015e30   0x00000040   Code   RO         3093    .text.USBD_LL_DevDisconnected  usbd_core.o
    0x08015e70   0x08015e70   0x0000001c   Code   RO         3034    .text.USBD_LL_GetRxDataSize  usbd_conf.o
    0x08015e8c   0x08015e8c   0x00000004   PAD
    0x08015e90   0x08015e90   0x00000086   Code   RO         3006    .text.USBD_LL_Init  usbd_conf.o
    0x08015f16   0x08015f16   0x00000002   PAD
    0x08015f18   0x08015f18   0x0000005a   Code   RO         3026    .text.USBD_LL_IsStallEP  usbd_conf.o
    0x08015f72   0x08015f72   0x00000006   PAD
    0x08015f78   0x08015f78   0x0000006e   Code   RO         3087    .text.USBD_LL_IsoINIncomplete  usbd_core.o
    0x08015fe6   0x08015fe6   0x00000002   PAD
    0x08015fe8   0x08015fe8   0x0000006e   Code   RO         3089    .text.USBD_LL_IsoOUTIncomplete  usbd_core.o
    0x08016056   0x08016056   0x00000002   PAD
    0x08016058   0x08016058   0x0000004a   Code   RO         3016    .text.USBD_LL_OpenEP  usbd_conf.o
    0x080160a2   0x080160a2   0x00000006   PAD
    0x080160a8   0x080160a8   0x00000042   Code   RO         3032    .text.USBD_LL_PrepareReceive  usbd_conf.o
    0x080160ea   0x080160ea   0x00000006   PAD
    0x080160f0   0x080160f0   0x0000009c   Code   RO         3077    .text.USBD_LL_Reset  usbd_core.o
    0x0801618c   0x0801618c   0x00000004   PAD
    0x08016190   0x08016190   0x00000024   Code   RO         3083    .text.USBD_LL_Resume  usbd_core.o
    0x080161b4   0x080161b4   0x00000004   PAD
    0x080161b8   0x080161b8   0x0000003e   Code   RO         3085    .text.USBD_LL_SOF   usbd_core.o
    0x080161f6   0x080161f6   0x00000002   PAD
    0x080161f8   0x080161f8   0x00000016   Code   RO         3079    .text.USBD_LL_SetSpeed  usbd_core.o
    0x0801620e   0x0801620e   0x00000002   PAD
    0x08016210   0x08016210   0x0000003a   Code   RO         3028    .text.USBD_LL_SetUSBAddress  usbd_conf.o
    0x0801624a   0x0801624a   0x00000006   PAD
    0x08016250   0x08016250   0x00000094   Code   RO         3067    .text.USBD_LL_SetupStage  usbd_core.o
    0x080162e4   0x080162e4   0x00000004   PAD
    0x080162e8   0x080162e8   0x0000003a   Code   RO         3022    .text.USBD_LL_StallEP  usbd_conf.o
    0x08016322   0x08016322   0x00000006   PAD
    0x08016328   0x08016328   0x00000032   Code   RO         3012    .text.USBD_LL_Start  usbd_conf.o
    0x0801635a   0x0801635a   0x00000006   PAD
    0x08016360   0x08016360   0x0000002c   Code   RO         3081    .text.USBD_LL_Suspend  usbd_core.o
    0x0801638c   0x0801638c   0x00000004   PAD
    0x08016390   0x08016390   0x00000042   Code   RO         3030    .text.USBD_LL_Transmit  usbd_conf.o
    0x080163d2   0x080163d2   0x00000006   PAD
    0x080163d8   0x080163d8   0x00000062   Code   RO         3128    .text.USBD_ParseSetupRequest  usbd_ctlreq.o
    0x0801643a   0x0801643a   0x00000006   PAD
    0x08016440   0x08016440   0x00000072   Code   RO         3055    .text.USBD_RegisterClass  usbd_core.o
    0x080164b2   0x080164b2   0x00000006   PAD
    0x080164b8   0x080164b8   0x0000000a   Code   RO         3061    .text.USBD_RunTestMode  usbd_core.o
    0x080164c2   0x080164c2   0x00000006   PAD
    0x080164c8   0x080164c8   0x0000008c   Code   RO         3110    .text.USBD_SetAddress  usbd_ctlreq.o
    0x08016554   0x08016554   0x00000004   PAD
    0x08016558   0x08016558   0x00000036   Code   RO         3063    .text.USBD_SetClassConfig  usbd_core.o
    0x0801658e   0x0801658e   0x00000002   PAD
    0x08016590   0x08016590   0x0000017e   Code   RO         3112    .text.USBD_SetConfig  usbd_ctlreq.o
    0x0801670e   0x0801670e   0x00000002   PAD
    0x08016710   0x08016710   0x0000004e   Code   RO         3118    .text.USBD_SetFeature  usbd_ctlreq.o
    0x0801675e   0x0801675e   0x00000002   PAD
    0x08016760   0x08016760   0x00000010   Code   RO         3057    .text.USBD_Start    usbd_core.o
    0x08016770   0x08016770   0x000000cc   Code   RO         3106    .text.USBD_StdDevReq  usbd_ctlreq.o
    0x0801683c   0x0801683c   0x00000004   PAD
    0x08016840   0x08016840   0x000003ac   Code   RO         3126    .text.USBD_StdEPReq  usbd_ctlreq.o
    0x08016bec   0x08016bec   0x00000004   PAD
    0x08016bf0   0x08016bf0   0x000000f4   Code   RO         3124    .text.USBD_StdItfReq  usbd_ctlreq.o
    0x08016ce4   0x08016ce4   0x00000004   PAD
    0x08016ce8   0x08016ce8   0x00000008   Code   RO         3038    .text.USBD_static_free  usbd_conf.o
    0x08016cf0   0x08016cf0   0x00000010   Code   RO         3036    .text.USBD_static_malloc  usbd_conf.o
    0x08016d00   0x08016d00   0x000000de   Code   RO          767    .text.USB_ActivateEndpoint  stm32h7xx_ll_usb.o
    0x08016dde   0x08016dde   0x00000002   PAD
    0x08016de0   0x08016de0   0x0000002c   Code   RO          809    .text.USB_ActivateSetup  stm32h7xx_ll_usb.o
    0x08016e0c   0x08016e0c   0x00000004   PAD
    0x08016e10   0x08016e10   0x000000ec   Code   RO          743    .text.USB_CoreInit  stm32h7xx_ll_usb.o
    0x08016efc   0x08016efc   0x00000004   PAD
    0x08016f00   0x08016f00   0x00000076   Code   RO          745    .text.USB_CoreReset  stm32h7xx_ll_usb.o
    0x08016f76   0x08016f76   0x00000002   PAD
    0x08016f78   0x08016f78   0x00000138   Code   RO          771    .text.USB_DeactivateEndpoint  stm32h7xx_ll_usb.o
    0x080170b0   0x080170b0   0x0000002a   Code   RO          791    .text.USB_DevConnect  stm32h7xx_ll_usb.o
    0x080170da   0x080170da   0x00000006   PAD
    0x080170e0   0x080170e0   0x0000002a   Code   RO          793    .text.USB_DevDisconnect  stm32h7xx_ll_usb.o
    0x0801710a   0x0801710a   0x00000006   PAD
    0x08017110   0x08017110   0x00000290   Code   RO          757    .text.USB_DevInit   stm32h7xx_ll_usb.o
    0x080173a0   0x080173a0   0x00000014   Code   RO          751    .text.USB_DisableGlobalInt  stm32h7xx_ll_usb.o
    0x080173b4   0x080173b4   0x00000004   PAD
    0x080173b8   0x080173b8   0x0000009e   Code   RO          811    .text.USB_EP0_OutStart  stm32h7xx_ll_usb.o
    0x08017456   0x08017456   0x00000002   PAD
    0x08017458   0x08017458   0x000000a0   Code   RO          785    .text.USB_EPClearStall  stm32h7xx_ll_usb.o
    0x080174f8   0x080174f8   0x000000a8   Code   RO          783    .text.USB_EPSetStall  stm32h7xx_ll_usb.o
    0x080175a0   0x080175a0   0x000003e8   Code   RO          775    .text.USB_EPStartXfer  stm32h7xx_ll_usb.o
    0x08017988   0x08017988   0x0000011c   Code   RO          779    .text.USB_EPStopXfer  stm32h7xx_ll_usb.o
    0x08017aa4   0x08017aa4   0x00000004   PAD
    0x08017aa8   0x08017aa8   0x00000014   Code   RO          749    .text.USB_EnableGlobalInt  stm32h7xx_ll_usb.o
    0x08017abc   0x08017abc   0x00000004   PAD
    0x08017ac0   0x08017ac0   0x00000074   Code   RO          763    .text.USB_FlushRxFifo  stm32h7xx_ll_usb.o
    0x08017b34   0x08017b34   0x00000004   PAD
    0x08017b38   0x08017b38   0x0000007a   Code   RO          761    .text.USB_FlushTxFifo  stm32h7xx_ll_usb.o
    0x08017bb2   0x08017bb2   0x00000006   PAD
    0x08017bb8   0x08017bb8   0x0000004c   Code   RO          765    .text.USB_GetDevSpeed  stm32h7xx_ll_usb.o
    0x08017c04   0x08017c04   0x00000004   PAD
    0x08017c08   0x08017c08   0x00000010   Code   RO          755    .text.USB_GetMode   stm32h7xx_ll_usb.o
    0x08017c18   0x08017c18   0x00000024   Code   RO          801    .text.USB_ReadDevAllInEpInterrupt  stm32h7xx_ll_usb.o
    0x08017c3c   0x08017c3c   0x00000004   PAD
    0x08017c40   0x08017c40   0x00000024   Code   RO          799    .text.USB_ReadDevAllOutEpInterrupt  stm32h7xx_ll_usb.o
    0x08017c64   0x08017c64   0x00000004   PAD
    0x08017c68   0x08017c68   0x0000004e   Code   RO          805    .text.USB_ReadDevInEPInterrupt  stm32h7xx_ll_usb.o
    0x08017cb6   0x08017cb6   0x00000002   PAD
    0x08017cb8   0x08017cb8   0x0000002e   Code   RO          803    .text.USB_ReadDevOutEPInterrupt  stm32h7xx_ll_usb.o
    0x08017ce6   0x08017ce6   0x00000002   PAD
    0x08017ce8   0x08017ce8   0x0000001a   Code   RO          795    .text.USB_ReadInterrupts  stm32h7xx_ll_usb.o
    0x08017d02   0x08017d02   0x00000006   PAD
    0x08017d08   0x08017d08   0x000000b4   Code   RO          781    .text.USB_ReadPacket  stm32h7xx_ll_usb.o
    0x08017dbc   0x08017dbc   0x00000004   PAD
    0x08017dc0   0x08017dc0   0x000000de   Code   RO          753    .text.USB_SetCurrentMode  stm32h7xx_ll_usb.o
    0x08017e9e   0x08017e9e   0x00000002   PAD
    0x08017ea0   0x08017ea0   0x00000036   Code   RO          789    .text.USB_SetDevAddress  stm32h7xx_ll_usb.o
    0x08017ed6   0x08017ed6   0x00000002   PAD
    0x08017ed8   0x08017ed8   0x00000022   Code   RO          759    .text.USB_SetDevSpeed  stm32h7xx_ll_usb.o
    0x08017efa   0x08017efa   0x00000006   PAD
    0x08017f00   0x08017f00   0x000001ba   Code   RO          747    .text.USB_SetTurnaroundTime  stm32h7xx_ll_usb.o
    0x080180ba   0x080180ba   0x00000006   PAD
    0x080180c0   0x080180c0   0x00000082   Code   RO          777    .text.USB_WritePacket  stm32h7xx_ll_usb.o
    0x08018142   0x08018142   0x00000006   PAD
    0x08018148   0x08018148   0x00000678   Code   RO          138    .text.USER_USART1_RxHandler  bsp_uart.o
    0x080187c0   0x080187c0   0x00000668   Code   RO          136    .text.USER_USART5_RxHandler  bsp_uart.o
    0x08018e28   0x08018e28   0x00000004   Code   RO          538    .text.UsageFault_Handler  stm32h7xx_it.o
    0x08018e2c   0x08018e2c   0x00000004   PAD
    0x08018e30   0x08018e30   0x0000007c   Code   RO          348    .text.Verify_CRC16_Check_Sum  crc.o
    0x08018eac   0x08018eac   0x00000004   PAD
    0x08018eb0   0x08018eb0   0x00000058   Code   RO          342    .text.Verify_CRC8_Check_Sum  crc.o
    0x08018f08   0x08018f08   0x00000030   Code   RO         1355    .text.__NVIC_EnableIRQ  stm32h7xx_hal_cortex.o
    0x08018f38   0x08018f38   0x00000010   Code   RO         1347    .text.__NVIC_GetPriorityGrouping  stm32h7xx_hal_cortex.o
    0x08018f48   0x08018f48   0x00000042   Code   RO         1349    .text.__NVIC_SetPriority  stm32h7xx_hal_cortex.o
    0x08018f8a   0x08018f8a   0x00000006   PAD
    0x08018f90   0x08018f90   0x0000003c   Code   RO         1343    .text.__NVIC_SetPriorityGrouping  stm32h7xx_hal_cortex.o
    0x08018fcc   0x08018fcc   0x00000004   PAD
    0x08018fd0   0x08018fd0   0x0000001c   Code   RO           46    .text.bit8TObit16   referee_system.o
    0x08018fec   0x08018fec   0x00000004   PAD
    0x08018ff0   0x08018ff0   0x0000002a   Code   RO           50    .text.bit8TObit32   referee_system.o
    0x0801901a   0x0801901a   0x00000006   PAD
    0x08019020   0x08019020   0x0000002a   Code   RO           48    .text.bit8TObit64   referee_system.o
    0x0801904a   0x0801904a   0x00000006   PAD
    0x08019050   0x08019050   0x0000002c   Code   RO           52    .text.bit8TOfloat32  referee_system.o
    0x0801907c   0x0801907c   0x00000004   PAD
    0x08019080   0x08019080   0x0000013c   Code   RO          372    .text.main          main.o
    0x080191bc   0x080191bc   0x00000004   PAD
    0x080191c0   0x080191c0   0x00000052   Code   RO           16    .text.uint_to_float  motor.o
    0x08019212   0x08019212   0x0000001a   Code   RO         3510    x$fpl$fpinit        fz_wv.l(fpinit.o)
    0x0801922c   0x0801922c   0x0000004c   Data   RO         2227    .rodata..L__const.HAL_FDCAN_Init.CvtEltSize  stm32h7xx_hal_fdcan.o
    0x08019278   0x08019278   0x00000100   Data   RO          353    .rodata.CRC8_TAB    crc.o
    0x08019378   0x08019378   0x00000010   Data   RO         2907    .rodata.D1CorePrescTable  system_stm32h7xx.o
    0x08019388   0x08019388   0x00000010   Data   RO         2228    .rodata.DLCtoBytes  stm32h7xx_hal_fdcan.o
    0x08019398   0x08019398   0x00000008   Data   RO         1135    .rodata.DMA_CalcBaseAndBitshift.flagBitshiftOffset  stm32h7xx_hal_dma.o
    0x080193a0   0x080193a0   0x00000008   Data   RO         2893    .rodata.UARTEx_SetNbDataToProcess.denominator  stm32h7xx_hal_uart_ex.o
    0x080193a8   0x080193a8   0x00000008   Data   RO         2892    .rodata.UARTEx_SetNbDataToProcess.numerator  stm32h7xx_hal_uart_ex.o
    0x080193b0   0x080193b0   0x00000018   Data   RO         2848    .rodata.UARTPrescTable  stm32h7xx_hal_uart.o
    0x080193c8   0x080193c8   0x00000042   Data   RO         2949    .rodata.str1.1      usbd_desc.o
    0x0801940a   0x0801940a   0x00000200   Data   RO          355    .rodata.wCRC_Table  crc.o
    0x0801960a   0x0801960a   0x00000002   PAD
    0x0801960c   0x0801960c   0x00000030   Data   RO         3604    Region$$Table       anon$$obj.o


    Execution Region RW_IRAM1 (Exec base: 0x20000000, Load base: 0x08019640, Size: 0x00009018, Max: 0x00020000, ABSOLUTE, COMPRESSED[0x00000120])

    Exec Addr    Load Addr    Size         Type   Attr      Idx    E Section Name        Object

    0x20000000   COMPRESSED   0x00000012   Data   RW           93    .data.Accel_Register_ConfigurationData_ErrorStatus  bmi088.o
    0x20000012   COMPRESSED   0x00000001   Data   RW         3199    .data.CDCCmdEpAdd   usbd_cdc.o
    0x20000013   COMPRESSED   0x00000001   Data   RW         3197    .data.CDCInEpAdd    usbd_cdc.o
    0x20000014   COMPRESSED   0x00000001   Data   RW         3198    .data.CDCOutEpAdd   usbd_cdc.o
    0x20000015   COMPRESSED   0x00000003   PAD
    0x20000018   COMPRESSED   0x00000080   Data   RW           19    .data.Chassis_Motor  motor.o
    0x20000098   COMPRESSED   0x000000e0   Data   RW           20    .data.DM_8009_Motor  motor.o
    0x20000178   COMPRESSED   0x00000012   Data   RW           94    .data.Gyro_Register_ConfigurationData_ErrorStatus  bmi088.o
    0x2000018a   COMPRESSED   0x00000002   PAD
    0x2000018c   COMPRESSED   0x00000020   Data   RW         2944    .data.HS_Desc       usbd_desc.o
    0x200001ac   COMPRESSED   0x00000004   Data   RW         2905    .data.SystemCoreClock  system_stm32h7xx.o
    0x200001b0   COMPRESSED   0x00000004   Data   RW         2906    .data.SystemD2Clock  system_stm32h7xx.o
    0x200001b4   COMPRESSED   0x00000038   Data   RW         3195    .data.USBD_CDC      usbd_cdc.o
    0x200001ec   COMPRESSED   0x00000043   Data   RW         3200    .data.USBD_CDC_CfgDesc  usbd_cdc.o
    0x2000022f   COMPRESSED   0x00000001   PAD
    0x20000230   COMPRESSED   0x0000000a   Data   RW         3196    .data.USBD_CDC_DeviceQualifierDesc  usbd_cdc.o
    0x2000023a   COMPRESSED   0x00000002   PAD
    0x2000023c   COMPRESSED   0x00000012   Data   RW         2945    .data.USBD_HS_DeviceDesc  usbd_desc.o
    0x2000024e   COMPRESSED   0x00000002   PAD
    0x20000250   COMPRESSED   0x00000014   Data   RW         2970    .data.USBD_Interface_fops_HS  usbd_cdc_if.o
    0x20000264   COMPRESSED   0x00000004   Data   RW         2947    .data.USBD_LangIDDesc  usbd_desc.o
    0x20000268   COMPRESSED   0x0000001a   Data   RW         2948    .data.USBD_StringSerial  usbd_desc.o
    0x20000282   COMPRESSED   0x00000018   Data   RW           32    .data.remote_ctrl   remote_control.o
    0x2000029a   COMPRESSED   0x00000001   Data   RW         1527    .data.uwTickFreq    stm32h7xx_hal.o
    0x2000029b   COMPRESSED   0x00000001   PAD
    0x2000029c   COMPRESSED   0x00000004   Data   RW         1526    .data.uwTickPrio    stm32h7xx_hal.o
    0x200002a0        -       0x00000060   Zero   RW         3469    .bss                c_w.l(libspace.o)
    0x20000300        -       0x0000003c   Zero   RW           90    .bss.BMI088_Info    bmi088.o
    0x2000033c        -       0x00000034   Zero   RW          119    .bss.FDCAN_RxFIFO0Frame  bsp_can.o
    0x20000370        -       0x00000034   Zero   RW          120    .bss.FDCAN_RxFIFO1Frame  bsp_can.o
    0x200003a4        -       0x00000004   Zero   RW          449    .bss.HAL_RCC_FDCAN_CLK_ENABLED  fdcan.o
    0x200003a8        -       0x0000009c   Zero   RW           54    .bss.Referee_System_Info  referee_system.o
    0x20000444        -       0x00000110   Zero   RW           55    .bss.Referee_System_Info_MultiRx_Buf  referee_system.o
    0x20000554        -       0x00000001   Zero   RW         3136    .bss.USBD_SetConfig.cfgidx  usbd_ctlreq.o
    0x20000555   COMPRESSED   0x00000003   PAD
    0x20000558        -       0x00000200   Zero   RW         2950    .bss.USBD_StrDesc   usbd_desc.o
    0x20000758        -       0x00000220   Zero   RW         3043    .bss.USBD_static_malloc.mem  usbd_conf.o
    0x20000978        -       0x00000800   Zero   RW         2971    .bss.UserRxBufferHS  usbd_cdc_if.o
    0x20001178        -       0x00000800   Zero   RW         2972    .bss.UserTxBufferHS  usbd_cdc_if.o
    0x20001978        -       0x000002dc   Zero   RW         2917    .bss.hUsbDeviceHS   usb_device.o
    0x20001c54        -       0x00000070   Zero   RW          408    .bss.hadc1          adc.o
    0x20001cc4        -       0x00000070   Zero   RW          409    .bss.hadc3          adc.o
    0x20001d34        -       0x00000078   Zero   RW          410    .bss.hdma_adc1      adc.o
    0x20001dac        -       0x00000078   Zero   RW          411    .bss.hdma_adc3      adc.o
    0x20001e24        -       0x00000078   Zero   RW          429    .bss.hdma_memtomem_dma1_stream0  dma.o
    0x20001e9c        -       0x00000078   Zero   RW          465    .bss.hdma_spi2_rx   spi.o
    0x20001f14        -       0x00000078   Zero   RW          466    .bss.hdma_spi2_tx   spi.o
    0x20001f8c        -       0x00000078   Zero   RW          512    .bss.hdma_uart5_rx  usart.o
    0x20002004        -       0x00000078   Zero   RW          513    .bss.hdma_uart7_rx  usart.o
    0x2000207c        -       0x00000078   Zero   RW          514    .bss.hdma_uart7_tx  usart.o
    0x200020f4        -       0x00000078   Zero   RW          521    .bss.hdma_usart10_rx  usart.o
    0x2000216c        -       0x00000078   Zero   RW          522    .bss.hdma_usart10_tx  usart.o
    0x200021e4        -       0x00000078   Zero   RW          515    .bss.hdma_usart1_rx  usart.o
    0x2000225c        -       0x00000078   Zero   RW          516    .bss.hdma_usart1_tx  usart.o
    0x200022d4        -       0x00000078   Zero   RW          517    .bss.hdma_usart2_rx  usart.o
    0x2000234c        -       0x00000078   Zero   RW          518    .bss.hdma_usart2_tx  usart.o
    0x200023c4        -       0x00000078   Zero   RW          519    .bss.hdma_usart3_rx  usart.o
    0x2000243c        -       0x00000078   Zero   RW          520    .bss.hdma_usart3_tx  usart.o
    0x200024b4        -       0x000000a0   Zero   RW          446    .bss.hfdcan1        fdcan.o
    0x20002554        -       0x000000a0   Zero   RW          447    .bss.hfdcan2        fdcan.o
    0x200025f4        -       0x000000a0   Zero   RW          448    .bss.hfdcan3        fdcan.o
    0x20002694        -       0x000004e4   Zero   RW         3042    .bss.hpcd_USB_OTG_HS  usbd_conf.o
    0x20002b78        -       0x00000088   Zero   RW          464    .bss.hspi2          spi.o
    0x20002c00        -       0x0000004c   Zero   RW          629    .bss.htim2          stm32h7xx_hal_timebase_tim_1.o
    0x20002c4c        -       0x0000004c   Zero   RW          482    .bss.htim3          tim.o
    0x20002c98        -       0x00000094   Zero   RW          508    .bss.huart1         usart.o
    0x20002d2c        -       0x00000094   Zero   RW          511    .bss.huart10        usart.o
    0x20002dc0        -       0x00000094   Zero   RW          509    .bss.huart2         usart.o
    0x20002e54        -       0x00000094   Zero   RW          510    .bss.huart3         usart.o
    0x20002ee8        -       0x00000094   Zero   RW          506    .bss.huart5         usart.o
    0x20002f7c        -       0x00000094   Zero   RW          507    .bss.huart7         usart.o
    0x20003010        -       0x00000004   Zero   RW         1528    .bss.uwTick         stm32h7xx_hal.o
    0x20003014   COMPRESSED   0x00000004   PAD
    0x20003018        -       0x00002000   Zero   RW          363    HEAP                startup_stm32h723xx.o
    0x20005018        -       0x00004000   Zero   RW          362    STACK               startup_stm32h723xx.o


    Execution Region RW_IRAM2 (Exec base: 0x24000000, Load base: 0x08019760, Size: 0x00000028, Max: 0x00020000, ABSOLUTE)

    Exec Addr    Load Addr    Size         Type   Attr      Idx    E Section Name        Object

    0x24000000   0x08019760   0x00000024   Data   RW           33    .AXI_SRAM           remote_control.o
    0x24000024   0x08019784   0x00000004   Data   RW          152    .AXI_SRAM           bsp_adc.o


    Execution Region RW_IRAM3 (Exec base: 0x30000000, Load base: 0x08019788, Size: 0x00000000, Max: 0x00004000, ABSOLUTE)

    **** No section assigned to this execution region ****


    Execution Region RW_IRAM4 (Exec base: 0x30004000, Load base: 0x08019788, Size: 0x00000000, Max: 0x00004000, ABSOLUTE)

    **** No section assigned to this execution region ****


    Execution Region RW_IRAM5 (Exec base: 0x38000000, Load base: 0x08019788, Size: 0x00000000, Max: 0x00004000, ABSOLUTE)

    **** No section assigned to this execution region ****


==============================================================================

Image component sizes


      Code (inc. data)   RO Data    RW Data    ZI Data      Debug   Object Name

       822          0          0          0        464       9654   adc.o
        56          0          0          0          0       5218   bdma.o
       912          0          0         36         60       3804   bmi088.o
        44          0          0          4          0        872   bsp_adc.o
       516          0          0          0        104       6226   bsp_can.o
        82          0          0          0          0       1438   bsp_gpio.o
        32          0          0          0          0        367   bsp_mcu.o
        18          0          0          0          0       4517   bsp_pwm.o
        50          0          0          0          0        586   bsp_spi.o
       120          0          0          0          0       1572   bsp_tick.o
      4736          0          0          0          0       5864   bsp_uart.o
       382          0        768          0          0       2176   crc.o
       412          0          0          0        120       7273   dma.o
       910          0          0          0        484      10315   fdcan.o
       318          0          0          0          0       3018   gpio.o
       750          0          0          0          0       9599   main.o
        10          0          0          0          0        763   minipc.o
      1066         20          0        352          0       8903   motor.o
      2082          0          0          0        428       7517   referee_system.o
       304          0          0         60          0       2360   remote_control.o
       580          0          0          0        376      11439   spi.o
        64         26        716          0      24576        832   startup_stm32h723xx.o
       226          0          0          5          4      14589   stm32h7xx_hal.o
      7138          0          0          0          0      24950   stm32h7xx_hal_adc.o
       982          0          0          0          0      23537   stm32h7xx_hal_adc_ex.o
       590          0          0          0          0      11447   stm32h7xx_hal_cortex.o
     15540          8          8          0          0      12425   stm32h7xx_hal_dma.o
      4946          0         92          0          0      33328   stm32h7xx_hal_fdcan.o
       982          0          0          0          0       6966   stm32h7xx_hal_gpio.o
        36          0          0          0          0       2223   stm32h7xx_hal_msp.o
      5038          0          0          0          0      14270   stm32h7xx_hal_pcd.o
       246          0          0          0          0       5484   stm32h7xx_hal_pcd_ex.o
       180          0          0          0          0       9280   stm32h7xx_hal_pwr_ex.o
      4850         66          0          0          0      11376   stm32h7xx_hal_rcc.o
      9852        118          0          0          0      18649   stm32h7xx_hal_rcc_ex.o
      3874          0          0          0          0      20665   stm32h7xx_hal_spi.o
      4586         22          0          0          0      37384   stm32h7xx_hal_tim.o
       404          0          0          0          0      18037   stm32h7xx_hal_tim_ex.o
       216          0          0          0         76       9582   stm32h7xx_hal_timebase_tim_1.o
      5744        342         24          0          0      29237   stm32h7xx_hal_uart.o
       770          0         16          0          0       8844   stm32h7xx_hal_uart_ex.o
       522          0          0          0          0       3873   stm32h7xx_it.o
      5096          0          0          0          0      19815   stm32h7xx_ll_usb.o
       314          0         16          8          0       5192   system_stm32h7xx.o
       320          0          0          0         76       7134   tim.o
      2964          0          0          0       2208      14072   usart.o
       122          0          0          0        732       3133   usb_device.o
      2370         12          0        136          0      10996   usbd_cdc.o
       214         36          0         20       4096       2594   usbd_cdc_if.o
      1348          4          0          0       1796      18244   usbd_conf.o
      2130          0          0          0          0       8941   usbd_core.o
      3466         46          0          0          1       8596   usbd_ctlreq.o
       572          0         66         80        512       3452   usbd_desc.o
       232          0          0          0          0       4177   usbd_ioreq.o

    ----------------------------------------------------------------------
    101354        716       1756        712      36120     526805   Object Totals
         0          0         48          0          0          0   (incl. Generated)
      1218         16          2         11          7          0   (incl. Padding)

    ----------------------------------------------------------------------

      Code (inc. data)   RO Data    RW Data    ZI Data      Debug   Library Member Name

        90          0          0          0          0          0   __dczerorl2.o
         8          0          0          0          0         68   __main.o
         0          0          0          0          0          0   __rtentry.o
        12          0          0          0          0          0   __rtentry2.o
         6          0          0          0          0          0   __rtentry4.o
        52          8          0          0          0          0   __scatter.o
        26          0          0          0          0          0   __scatter_copy.o
        28          0          0          0          0          0   __scatter_zi.o
        18          0          0          0          0         80   exit.o
         6          0          0          0          0        152   heapauxi.o
         0          0          0          0          0          0   indicate_semi.o
         2          0          0          0          0          0   libinit.o
         6          0          0          0          0          0   libinit2.o
         2          0          0          0          0          0   libshutdown.o
         2          0          0          0          0          0   libshutdown2.o
         8          4          0          0         96         68   libspace.o
       240          0          0          0          0        100   lludivv7m.o
        68          0          0          0          0         68   rt_memclr.o
        78          0          0          0          0         80   rt_memclr_w.o
       100          0          0          0          0         80   rt_memcpy_w.o
         2          0          0          0          0          0   rtexit.o
        10          0          0          0          0          0   rtexit2.o
        12          4          0          0          0         68   sys_exit.o
        74          0          0          0          0         80   sys_stackheap_outer.o
         2          0          0          0          0         68   use_no_semi.o
        26          0          0          0          0        116   fpinit.o

    ----------------------------------------------------------------------
       886         16          0          0         96       1028   Library Totals
         8          0          0          0          0          0   (incl. Padding)

    ----------------------------------------------------------------------

      Code (inc. data)   RO Data    RW Data    ZI Data      Debug   Library Name

       852         16          0          0         96        912   c_w.l
        26          0          0          0          0        116   fz_wv.l

    ----------------------------------------------------------------------
       886         16          0          0         96       1028   Library Totals

    ----------------------------------------------------------------------

==============================================================================


      Code (inc. data)   RO Data    RW Data    ZI Data      Debug   

    102240        732       1756        712      36216     526497   Grand Totals
    102240        732       1756        328      36216     526497   ELF Image Totals (compressed)
    102240        732       1756        328          0          0   ROM Totals

==============================================================================

    Total RO  Size (Code + RO Data)               103996 ( 101.56kB)
    Total RW  Size (RW Data + ZI Data)             36928 (  36.06kB)
    Total ROM Size (Code + RO Data + RW Data)     104324 ( 101.88kB)

==============================================================================

