<html>
<body>
<pre>
<h1>µVision Build Log</h1>
<h2>Tool Versions:</h2>
IDE-Version: ¦ÌVision V5.38.0.0
Copyright (C) 2022 ARM Ltd and ARM Germany GmbH. All rights reserved.
License Information: WANG CAOFAN, USTLCOD, LIC=WHYH9-4L4HC-FWC2N-YW360-3WTZD-8B2KC
 
Tool Versions:
Toolchain:       MDK-ARM Plus  Version: 5.38.0.0
Toolchain Path:  D:\STM32Pro\MDK5\Core\ARM\ARMCLANG\Bin
C Compiler:      ArmClang.exe V6.19
Assembler:       Armasm.exe V6.19
Linker/Locator:  ArmLink.exe V6.19
Library Manager: ArmAr.exe V6.19
Hex Converter:   FromElf.exe V6.19
CPU DLL:         SARMCM3.DLL V5.38.0.0
Dialog DLL:      DCM.DLL V1.17.5.0
Target DLL:      CMSIS_AGDI.dll V1.33.15.0
Dialog DLL:      TCM.DLL V1.56.4.0
 
<h2>Project:</h2>
E:\COD\Github\COD-H7-Template\MDK-ARM\COD_H7_Template.uvprojx
Project File Date:  02/08/2025

<h2>Output:</h2>
*** Using Compiler 'V6.19', folder: 'D:\STM32Pro\MDK5\Core\ARM\ARMCLANG\Bin'
Rebuild target 'COD_H7_Template'
compiling bsp_gpio.c...
compiling Remote_Control.c...
compiling Detect_Task.c...
compiling Referee_System.c...
compiling Bmi088.c...
compiling CAN_Task.c...
compiling INS_Task.c...
compiling bsp_mcu.c...
compiling MiniPC.c...
compiling bsp_adc.c...
compiling bsp_pwm.c...
compiling bsp_can.c...
compiling Motor.c...
compiling Control_Task.c...
compiling bsp_spi.c...
compiling CRC.c...
compiling LPF.c...
compiling PID.c...
compiling Ramp.c...
compiling Quaternion.c...
compiling RLS.c...
compiling Kalman_Filter.c...
compiling bsp_tick.c...
compiling bsp_uart.c...
assembling startup_stm32h723xx.s...
compiling main.c...
compiling adc.c...
compiling freertos.c...
compiling bdma.c...
compiling gpio.c...
compiling dma.c...
compiling fdcan.c...
compiling memorymap.c...
compiling tim.c...
compiling spi.c...
compiling stm32h7xx_hal_timebase_tim.c...
compiling stm32h7xx_hal_msp.c...
compiling stm32h7xx_it.c...
compiling usart.c...
compiling stm32h7xx_hal_pcd_ex.c...
compiling stm32h7xx_hal_pcd.c...
compiling stm32h7xx_hal_flash.c...
compiling stm32h7xx_hal_flash_ex.c...
compiling stm32h7xx_hal_rcc.c...
compiling stm32h7xx_ll_usb.c...
compiling stm32h7xx_hal_rcc_ex.c...
compiling stm32h7xx_hal_gpio.c...
compiling stm32h7xx_hal_hsem.c...
compiling stm32h7xx_hal_pwr.c...
compiling stm32h7xx_hal_dma_ex.c...
compiling stm32h7xx_hal_mdma.c...
compiling stm32h7xx_hal_pwr_ex.c...
compiling stm32h7xx_hal_dma.c...
compiling stm32h7xx_hal_cortex.c...
compiling stm32h7xx_hal_exti.c...
compiling stm32h7xx_hal.c...
compiling stm32h7xx_hal_i2c_ex.c...
compiling stm32h7xx_hal_adc_ex.c...
compiling stm32h7xx_hal_spi_ex.c...
compiling stm32h7xx_hal_adc.c...
compiling stm32h7xx_hal_fdcan.c...
compiling stm32h7xx_hal_spi.c...
compiling croutine.c...
compiling stm32h7xx_hal_uart_ex.c...
compiling stm32h7xx_hal_i2c.c...
compiling list.c...
compiling event_groups.c...
compiling stm32h7xx_hal_tim_ex.c...
compiling system_stm32h7xx.c...
compiling stm32h7xx_hal_uart.c...
compiling timers.c...
compiling stm32h7xx_hal_tim.c...
compiling stream_buffer.c...
compiling queue.c...
compiling tasks.c...
compiling cmsis_os.c...
compiling heap_4.c...
compiling port.c...
compiling SEGGER_SYSVIEW_Config_FreeRTOS.c...
compiling SEGGER_SYSVIEW_FreeRTOS.c...
compiling SEGGER_RTT.c...
compiling usb_device.c...
compiling usbd_desc.c...
compiling SEGGER_SYSVIEW.c...
compiling usbd_cdc_if.c...
compiling usbd_conf.c...
compiling usbd_ioreq.c...
compiling usbd_ctlreq.c...
compiling usbd_core.c...
compiling usbd_cdc.c...
linking...
Program Size: Code=130992 RO-data=2136 RW-data=1192 ZI-data=76432  
FromELF: creating hex file...
"COD_H7_Template\COD_H7_Template.axf" - 0 Error(s), 0 Warning(s).

<h2>Software Packages used:</h2>

Package Vendor: ARM
                http://www.keil.com/pack/ARM.CMSIS.5.9.0.pack
                ARM.CMSIS.5.9.0
                CMSIS (Common Microcontroller Software Interface Standard)
   * Component: CORE Version: 5.6.0

Package Vendor: Keil
                https://www.keil.com/pack/Keil.STM32H7xx_DFP.3.1.1.pack
                Keil.STM32H7xx_DFP.3.1.1
                STMicroelectronics STM32H7 Series Device Support and Examples

<h2>Collection of Component include folders:</h2>
  ./RTE/_COD_H7_Template
  D:/STM32Pro/MDK5/Packs/ARM/CMSIS/5.9.0/CMSIS/Core/Include
  D:/STM32Pro/MDK5/Packs/Keil/STM32H7xx_DFP/3.1.1/Drivers/CMSIS/Device/ST/STM32H7xx/Include

<h2>Collection of Component Files used:</h2>

   * Component: ARM::CMSIS:CORE:5.6.0
      Include file:  CMSIS/Core/Include/tz_context.h
Build Time Elapsed:  00:00:06
</pre>
</body>
</html>
